Release 14.7 - xst P.20131013 (nt64)
Copyright (c) 1995-2013 Xilinx, Inc.  All rights reserved.
--> Parameter TMPDIR set to xst/projnav.tmp


Total REAL time to Xst completion: 0.00 secs
Total CPU time to Xst completion: 0.13 secs
 
--> Parameter xsthdpdir set to xst


Total REAL time to Xst completion: 0.00 secs
Total CPU time to Xst completion: 0.13 secs
 
--> Reading design: TOP.prj

TABLE OF CONTENTS
  1) Synthesis Options Summary
  2) HDL Compilation
  3) Design Hierarchy Analysis
  4) HDL Analysis
  5) HDL Synthesis
     5.1) HDL Synthesis Report
  6) Advanced HDL Synthesis
     6.1) Advanced HDL Synthesis Report
  7) Low Level Synthesis
  8) Partition Report
  9) Final Report
	9.1) Device utilization summary
	9.2) Partition Resource Summary
	9.3) TIMING REPORT


=========================================================================
*                      Synthesis Options Summary                        *
=========================================================================
---- Source Parameters
Input File Name                    : "TOP.prj"
Input Format                       : mixed
Ignore Synthesis Constraint File   : NO

---- Target Parameters
Output File Name                   : "TOP"
Output Format                      : NGC
Target Device                      : xc3s500e-4-fg320

---- Source Options
Top Module Name                    : TOP
Automatic FSM Extraction           : YES
FSM Encoding Algorithm             : Auto
Safe Implementation                : No
FSM Style                          : LUT
RAM Extraction                     : Yes
RAM Style                          : Auto
ROM Extraction                     : Yes
Mux Style                          : Auto
Decoder Extraction                 : YES
Priority Encoder Extraction        : Yes
Shift Register Extraction          : YES
Logical Shifter Extraction         : YES
XOR Collapsing                     : YES
ROM Style                          : Auto
Mux Extraction                     : Yes
Resource Sharing                   : YES
Asynchronous To Synchronous        : NO
Multiplier Style                   : Auto
Automatic Register Balancing       : No

---- Target Options
Add IO Buffers                     : YES
Global Maximum Fanout              : 100000
Add Generic Clock Buffer(BUFG)     : 24
Register Duplication               : YES
Slice Packing                      : YES
Optimize Instantiated Primitives   : NO
Use Clock Enable                   : Yes
Use Synchronous Set                : Yes
Use Synchronous Reset              : Yes
Pack IO Registers into IOBs        : Auto
Equivalent register Removal        : YES

---- General Options
Optimization Goal                  : Speed
Optimization Effort                : 1
Keep Hierarchy                     : No
Netlist Hierarchy                  : As_Optimized
RTL Output                         : Yes
Global Optimization                : AllClockNets
Read Cores                         : YES
Write Timing Constraints           : NO
Cross Clock Analysis               : NO
Hierarchy Separator                : /
Bus Delimiter                      : <>
Case Specifier                     : Maintain
Slice Utilization Ratio            : 100
BRAM Utilization Ratio             : 100
Verilog 2001                       : YES
Auto BRAM Packing                  : NO
Slice Utilization Ratio Delta      : 5

=========================================================================


=========================================================================
*                          HDL Compilation                              *
=========================================================================
Compiling vhdl file "C:/Users/FONTEILLE/Desktop/ISE/Project1.2/clkSub.vhd" in Library work.
Architecture behavioral of Entity clksub is up to date.
Compiling vhdl file "C:/Users/FONTEILLE/Desktop/ISE/Project1.2/valsplit.vhd" in Library work.
Architecture behavioral of Entity valsplit is up to date.
Compiling vhdl file "C:/Users/FONTEILLE/Desktop/ISE/Project1.2/posXadd.vhd" in Library work.
Architecture behavioral of Entity posxadd is up to date.
Compiling vhdl file "C:/Users/FONTEILLE/Desktop/ISE/Project1.2/digit.vhd" in Library work.
Architecture behavioral of Entity digit is up to date.
Compiling vhdl file "C:/Users/FONTEILLE/Desktop/ISE/Project1.2/mover.vhd" in Library work.
Architecture behavioral of Entity mover is up to date.
Compiling vhdl file "C:/Users/FONTEILLE/Desktop/ISE/Project1.2/clkDiv.vhd" in Library work.
Architecture behavioral of Entity clkdiv is up to date.
Compiling vhdl file "C:/Users/FONTEILLE/Desktop/ISE/Project1.2/rectangle.vhd" in Library work.
Architecture behavioral of Entity rectangle is up to date.
Compiling vhdl file "C:/Users/FONTEILLE/Desktop/ISE/Project1.2/grid.vhd" in Library work.
Architecture behavioral of Entity grid is up to date.
Compiling vhdl file "C:/Users/FONTEILLE/Desktop/ISE/Project1.2/shapes.vhd" in Library work.
Architecture behavioral of Entity shapes is up to date.
Compiling vhdl file "C:/Users/FONTEILLE/Desktop/ISE/Project1.2/move.vhd" in Library work.
Architecture behavioral of Entity move is up to date.
Compiling vhdl file "C:/Users/FONTEILLE/Desktop/ISE/Project1.2/valInc.vhd" in Library work.
Architecture behavioral of Entity valinc is up to date.
Compiling vhdl file "C:/Users/FONTEILLE/Desktop/ISE/Project1.2/Hex32.vhd" in Library work.
Architecture behavioral of Entity hex32 is up to date.
Compiling vhdl file "C:/Users/FONTEILLE/Desktop/ISE/Project1.2/controlVGA.vhd" in Library work.
Architecture rtl of Entity controlvga is up to date.
Compiling vhdl file "C:/Users/FONTEILLE/Desktop/ISE/Project1.2/TOP.vhd" in Library work.
Entity <top> compiled.
Entity <top> (Architecture <behavioral>) compiled.

=========================================================================
*                     Design Hierarchy Analysis                         *
=========================================================================
Analyzing hierarchy for entity <TOP> in library <work> (architecture <behavioral>).

Analyzing hierarchy for entity <grid> in library <work> (architecture <behavioral>).

Analyzing hierarchy for entity <shapes> in library <work> (architecture <behavioral>).

Analyzing hierarchy for entity <move> in library <work> (architecture <behavioral>).

Analyzing hierarchy for entity <valInc> in library <work> (architecture <behavioral>).

Analyzing hierarchy for entity <Hex32> in library <work> (architecture <behavioral>).

Analyzing hierarchy for entity <controlVGA> in library <work> (architecture <rtl>).

Analyzing hierarchy for entity <clkDiv> in library <work> (architecture <behavioral>).

Analyzing hierarchy for entity <rectangle> in library <work> (architecture <behavioral>).

Analyzing hierarchy for entity <mover> in library <work> (architecture <behavioral>).

Analyzing hierarchy for entity <valsplit> in library <work> (architecture <behavioral>).

Analyzing hierarchy for entity <posXadd> in library <work> (architecture <behavioral>).

Analyzing hierarchy for entity <digit> in library <work> (architecture <behavioral>).

Analyzing hierarchy for entity <clkSub> in library <work> (architecture <behavioral>).


=========================================================================
*                            HDL Analysis                               *
=========================================================================
Analyzing Entity <TOP> in library <work> (Architecture <behavioral>).
Entity <TOP> analyzed. Unit <TOP> generated.

Analyzing Entity <grid> in library <work> (Architecture <behavioral>).
Entity <grid> analyzed. Unit <grid> generated.

Analyzing Entity <shapes> in library <work> (Architecture <behavioral>).
Entity <shapes> analyzed. Unit <shapes> generated.

Analyzing Entity <clkDiv> in library <work> (Architecture <behavioral>).
Entity <clkDiv> analyzed. Unit <clkDiv> generated.

Analyzing Entity <rectangle> in library <work> (Architecture <behavioral>).
Entity <rectangle> analyzed. Unit <rectangle> generated.

Analyzing Entity <move> in library <work> (Architecture <behavioral>).
Entity <move> analyzed. Unit <move> generated.

Analyzing Entity <mover> in library <work> (Architecture <behavioral>).
Entity <mover> analyzed. Unit <mover> generated.

Analyzing Entity <clkSub> in library <work> (Architecture <behavioral>).
Entity <clkSub> analyzed. Unit <clkSub> generated.

Analyzing Entity <valInc> in library <work> (Architecture <behavioral>).
Entity <valInc> analyzed. Unit <valInc> generated.

Analyzing Entity <Hex32> in library <work> (Architecture <behavioral>).
Entity <Hex32> analyzed. Unit <Hex32> generated.

Analyzing Entity <valsplit> in library <work> (Architecture <behavioral>).
Entity <valsplit> analyzed. Unit <valsplit> generated.

Analyzing Entity <posXadd> in library <work> (Architecture <behavioral>).
Entity <posXadd> analyzed. Unit <posXadd> generated.

Analyzing Entity <digit> in library <work> (Architecture <behavioral>).
Entity <digit> analyzed. Unit <digit> generated.

Analyzing Entity <controlVGA> in library <work> (Architecture <rtl>).
Entity <controlVGA> analyzed. Unit <controlVGA> generated.


=========================================================================
*                           HDL Synthesis                               *
=========================================================================

Performing bidirectional port resolution...

Synthesizing Unit <grid>.
    Related source file is "C:/Users/FONTEILLE/Desktop/ISE/Project1.2/grid.vhd".
WARNING:Xst:647 - Input <beamX<5:0>> is never used. This port will be preserved and left unconnected if it belongs to a top-level block or it belongs to a sub-block and the hierarchy of this sub-block is preserved.
WARNING:Xst:647 - Input <beamY<9>> is never used. This port will be preserved and left unconnected if it belongs to a top-level block or it belongs to a sub-block and the hierarchy of this sub-block is preserved.
WARNING:Xst:647 - Input <beamY<5:0>> is never used. This port will be preserved and left unconnected if it belongs to a top-level block or it belongs to a sub-block and the hierarchy of this sub-block is preserved.
WARNING:Xst:647 - Input <posX<5:0>> is never used. This port will be preserved and left unconnected if it belongs to a top-level block or it belongs to a sub-block and the hierarchy of this sub-block is preserved.
WARNING:Xst:647 - Input <posY<9>> is never used. This port will be preserved and left unconnected if it belongs to a top-level block or it belongs to a sub-block and the hierarchy of this sub-block is preserved.
WARNING:Xst:647 - Input <posY<5:0>> is never used. This port will be preserved and left unconnected if it belongs to a top-level block or it belongs to a sub-block and the hierarchy of this sub-block is preserved.
    Found 1-bit 16-to-1 multiplexer for signal <$varindex0000> created at line 105.
    Found 4-bit comparator less for signal <mux0257$cmp_lt0000> created at line 95.
    Found 4-bit comparator greater for signal <mux0257$cmp_lt0001> created at line 95.
    Found 4-bit comparator less for signal <mux0258$cmp_lt0000> created at line 95.
    Found 4-bit comparator greater for signal <mux0258$cmp_lt0001> created at line 95.
    Found 4-bit comparator less for signal <mux0259$cmp_lt0000> created at line 95.
    Found 4-bit comparator greater for signal <mux0259$cmp_lt0001> created at line 95.
    Found 4-bit comparator less for signal <mux0260$cmp_lt0000> created at line 95.
    Found 4-bit comparator greater for signal <mux0260$cmp_lt0001> created at line 95.
    Found 4-bit comparator less for signal <mux0261$cmp_lt0000> created at line 95.
    Found 4-bit comparator greater for signal <mux0261$cmp_lt0001> created at line 95.
    Found 4-bit comparator less for signal <mux0262$cmp_lt0000> created at line 95.
    Found 4-bit comparator greater for signal <mux0262$cmp_lt0001> created at line 95.
    Found 4-bit comparator less for signal <mux0263$cmp_lt0000> created at line 95.
    Found 4-bit comparator greater for signal <mux0263$cmp_lt0001> created at line 95.
    Found 4-bit comparator less for signal <mux0264$cmp_lt0000> created at line 95.
    Found 4-bit comparator greater for signal <mux0264$cmp_lt0001> created at line 95.
    Found 4-bit comparator less for signal <mux0265$cmp_lt0000> created at line 95.
    Found 4-bit comparator greater for signal <mux0265$cmp_lt0001> created at line 95.
    Found 4-bit comparator less for signal <mux0266$cmp_lt0000> created at line 95.
    Found 4-bit comparator greater for signal <mux0266$cmp_lt0001> created at line 95.
    Found 4-bit comparator less for signal <mux0267$cmp_lt0000> created at line 95.
    Found 4-bit comparator greater for signal <mux0267$cmp_lt0001> created at line 95.
    Found 4-bit comparator less for signal <mux0268$cmp_lt0000> created at line 95.
    Found 4-bit comparator greater for signal <mux0268$cmp_lt0001> created at line 95.
    Found 4-bit comparator less for signal <mux0269$cmp_lt0000> created at line 95.
    Found 4-bit comparator greater for signal <mux0269$cmp_lt0001> created at line 95.
    Found 4-bit comparator less for signal <mux0270$cmp_lt0000> created at line 95.
    Found 4-bit comparator greater for signal <mux0270$cmp_lt0001> created at line 95.
    Found 4-bit comparator less for signal <mux0271$cmp_lt0000> created at line 95.
    Found 4-bit comparator greater for signal <mux0271$cmp_lt0001> created at line 95.
    Found 4-bit comparator less for signal <mux0272$cmp_lt0000> created at line 95.
    Found 4-bit comparator greater for signal <mux0272$cmp_lt0001> created at line 95.
    Found 4-bit comparator less for signal <mux0273$cmp_lt0000> created at line 95.
    Found 4-bit comparator greater for signal <mux0273$cmp_lt0001> created at line 95.
    Found 4-bit comparator less for signal <mux0274$cmp_lt0000> created at line 95.
    Found 4-bit comparator greater for signal <mux0274$cmp_lt0001> created at line 95.
    Found 4-bit comparator less for signal <mux0275$cmp_lt0000> created at line 95.
    Found 4-bit comparator greater for signal <mux0275$cmp_lt0001> created at line 95.
    Found 4-bit comparator less for signal <mux0276$cmp_lt0000> created at line 95.
    Found 4-bit comparator greater for signal <mux0276$cmp_lt0001> created at line 95.
    Found 4-bit comparator less for signal <mux0277$cmp_lt0000> created at line 95.
    Found 4-bit comparator greater for signal <mux0277$cmp_lt0001> created at line 95.
    Found 4-bit comparator less for signal <mux0278$cmp_lt0000> created at line 95.
    Found 4-bit comparator greater for signal <mux0278$cmp_lt0001> created at line 95.
    Found 4-bit comparator less for signal <mux0279$cmp_lt0000> created at line 95.
    Found 4-bit comparator greater for signal <mux0279$cmp_lt0001> created at line 95.
    Found 4-bit comparator less for signal <mux0280$cmp_lt0000> created at line 95.
    Found 4-bit comparator greater for signal <mux0280$cmp_lt0001> created at line 95.
    Found 4-bit comparator less for signal <mux0281$cmp_lt0000> created at line 95.
    Found 4-bit comparator greater for signal <mux0281$cmp_lt0001> created at line 95.
    Found 4-bit comparator less for signal <mux0282$cmp_lt0000> created at line 95.
    Found 4-bit comparator greater for signal <mux0282$cmp_lt0001> created at line 95.
    Found 4-bit comparator less for signal <mux0283$cmp_lt0000> created at line 95.
    Found 4-bit comparator greater for signal <mux0283$cmp_lt0001> created at line 95.
    Found 4-bit comparator less for signal <mux0284$cmp_lt0000> created at line 95.
    Found 4-bit comparator greater for signal <mux0284$cmp_lt0001> created at line 95.
    Found 4-bit comparator less for signal <mux0285$cmp_lt0000> created at line 95.
    Found 4-bit comparator greater for signal <mux0285$cmp_lt0001> created at line 95.
    Found 4-bit comparator less for signal <mux0286$cmp_lt0000> created at line 95.
    Found 4-bit comparator greater for signal <mux0286$cmp_lt0001> created at line 95.
    Found 4-bit comparator less for signal <mux0287$cmp_lt0000> created at line 95.
    Found 4-bit comparator greater for signal <mux0287$cmp_lt0001> created at line 95.
    Found 4-bit comparator less for signal <mux0288$cmp_lt0000> created at line 95.
    Found 4-bit comparator greater for signal <mux0288$cmp_lt0001> created at line 95.
    Found 4-bit comparator less for signal <mux0289$cmp_lt0000> created at line 95.
    Found 4-bit comparator greater for signal <mux0289$cmp_lt0001> created at line 95.
    Found 4-bit comparator less for signal <mux0290$cmp_lt0000> created at line 95.
    Found 4-bit comparator greater for signal <mux0290$cmp_lt0001> created at line 95.
    Found 4-bit comparator less for signal <mux0291$cmp_lt0000> created at line 95.
    Found 4-bit comparator greater for signal <mux0291$cmp_lt0001> created at line 95.
    Found 4-bit comparator less for signal <mux0292$cmp_lt0000> created at line 95.
    Found 4-bit comparator greater for signal <mux0292$cmp_lt0001> created at line 95.
    Found 4-bit comparator less for signal <mux0293$cmp_lt0000> created at line 95.
    Found 4-bit comparator greater for signal <mux0293$cmp_lt0001> created at line 95.
    Found 4-bit comparator less for signal <mux0294$cmp_lt0000> created at line 95.
    Found 4-bit comparator greater for signal <mux0294$cmp_lt0001> created at line 95.
    Found 4-bit comparator less for signal <mux0295$cmp_lt0000> created at line 95.
    Found 4-bit comparator greater for signal <mux0295$cmp_lt0001> created at line 95.
    Found 4-bit comparator less for signal <mux0296$cmp_lt0000> created at line 95.
    Found 4-bit comparator greater for signal <mux0296$cmp_lt0001> created at line 95.
    Found 4-bit comparator less for signal <mux0297$cmp_lt0000> created at line 95.
    Found 4-bit comparator greater for signal <mux0297$cmp_lt0001> created at line 95.
    Found 4-bit comparator less for signal <mux0298$cmp_lt0000> created at line 95.
    Found 4-bit comparator greater for signal <mux0298$cmp_lt0001> created at line 95.
    Found 4-bit comparator less for signal <mux0299$cmp_lt0000> created at line 95.
    Found 4-bit comparator greater for signal <mux0299$cmp_lt0001> created at line 95.
    Found 4-bit comparator less for signal <mux0300$cmp_lt0000> created at line 95.
    Found 4-bit comparator greater for signal <mux0300$cmp_lt0001> created at line 95.
    Found 4-bit comparator less for signal <mux0301$cmp_lt0000> created at line 95.
    Found 4-bit comparator greater for signal <mux0301$cmp_lt0001> created at line 95.
    Found 4-bit comparator less for signal <mux0302$cmp_lt0000> created at line 95.
    Found 4-bit comparator greater for signal <mux0302$cmp_lt0001> created at line 95.
    Found 4-bit comparator less for signal <mux0303$cmp_lt0000> created at line 95.
    Found 4-bit comparator greater for signal <mux0303$cmp_lt0001> created at line 95.
    Found 4-bit comparator less for signal <mux0304$cmp_lt0000> created at line 95.
    Found 4-bit comparator greater for signal <mux0304$cmp_lt0001> created at line 95.
    Found 4-bit comparator less for signal <mux0305$cmp_lt0000> created at line 95.
    Found 4-bit comparator greater for signal <mux0305$cmp_lt0001> created at line 95.
    Found 4-bit comparator less for signal <mux0306$cmp_lt0000> created at line 95.
    Found 4-bit comparator greater for signal <mux0306$cmp_lt0001> created at line 95.
    Found 4-bit comparator less for signal <mux0307$cmp_lt0000> created at line 95.
    Found 4-bit comparator greater for signal <mux0307$cmp_lt0001> created at line 95.
    Found 4-bit comparator less for signal <mux0308$cmp_lt0000> created at line 95.
    Found 4-bit comparator greater for signal <mux0308$cmp_lt0001> created at line 95.
    Found 4-bit comparator less for signal <mux0309$cmp_lt0000> created at line 95.
    Found 4-bit comparator greater for signal <mux0309$cmp_lt0001> created at line 95.
    Found 4-bit comparator less for signal <mux0310$cmp_lt0000> created at line 95.
    Found 4-bit comparator greater for signal <mux0310$cmp_lt0001> created at line 95.
    Found 4-bit comparator less for signal <mux0311$cmp_lt0000> created at line 95.
    Found 4-bit comparator greater for signal <mux0311$cmp_lt0001> created at line 95.
    Found 4-bit comparator less for signal <mux0312$cmp_lt0000> created at line 95.
    Found 4-bit comparator greater for signal <mux0312$cmp_lt0001> created at line 95.
    Found 4-bit comparator less for signal <mux0313$cmp_lt0000> created at line 95.
    Found 4-bit comparator greater for signal <mux0313$cmp_lt0001> created at line 95.
    Found 4-bit comparator less for signal <mux0314$cmp_lt0000> created at line 95.
    Found 4-bit comparator greater for signal <mux0314$cmp_lt0001> created at line 95.
    Found 4-bit comparator less for signal <mux0315$cmp_lt0000> created at line 95.
    Found 4-bit comparator greater for signal <mux0315$cmp_lt0001> created at line 95.
    Found 4-bit comparator less for signal <mux0316$cmp_lt0000> created at line 95.
    Found 4-bit comparator greater for signal <mux0316$cmp_lt0001> created at line 95.
    Found 4-bit comparator less for signal <mux0317$cmp_lt0000> created at line 95.
    Found 4-bit comparator greater for signal <mux0317$cmp_lt0001> created at line 95.
    Found 4-bit comparator less for signal <mux0318$cmp_lt0000> created at line 95.
    Found 4-bit comparator greater for signal <mux0318$cmp_lt0001> created at line 95.
    Found 4-bit comparator less for signal <mux0319$cmp_lt0000> created at line 95.
    Found 4-bit comparator greater for signal <mux0319$cmp_lt0001> created at line 95.
    Found 4-bit comparator less for signal <mux0320$cmp_lt0000> created at line 95.
    Found 4-bit comparator greater for signal <mux0320$cmp_lt0001> created at line 95.
    Found 4-bit comparator less for signal <mux0321$cmp_lt0000> created at line 95.
    Found 4-bit comparator greater for signal <mux0321$cmp_lt0001> created at line 95.
    Found 4-bit comparator less for signal <mux0322$cmp_lt0000> created at line 95.
    Found 4-bit comparator greater for signal <mux0322$cmp_lt0001> created at line 95.
    Found 4-bit comparator less for signal <mux0323$cmp_lt0000> created at line 95.
    Found 4-bit comparator greater for signal <mux0323$cmp_lt0001> created at line 95.
    Found 4-bit comparator less for signal <mux0324$cmp_lt0000> created at line 95.
    Found 4-bit comparator greater for signal <mux0324$cmp_lt0001> created at line 95.
    Found 4-bit comparator less for signal <mux0325$cmp_lt0000> created at line 95.
    Found 4-bit comparator greater for signal <mux0325$cmp_lt0001> created at line 95.
    Found 4-bit comparator less for signal <mux0326$cmp_lt0000> created at line 95.
    Found 4-bit comparator greater for signal <mux0326$cmp_lt0001> created at line 95.
    Found 4-bit comparator less for signal <mux0327$cmp_lt0000> created at line 95.
    Found 4-bit comparator greater for signal <mux0327$cmp_lt0001> created at line 95.
    Found 4-bit comparator less for signal <mux0328$cmp_lt0000> created at line 95.
    Found 4-bit comparator greater for signal <mux0328$cmp_lt0001> created at line 95.
    Found 4-bit comparator less for signal <mux0329$cmp_lt0000> created at line 95.
    Found 4-bit comparator greater for signal <mux0329$cmp_lt0001> created at line 95.
    Found 4-bit comparator less for signal <mux0330$cmp_lt0000> created at line 95.
    Found 4-bit comparator greater for signal <mux0330$cmp_lt0001> created at line 95.
    Found 4-bit comparator less for signal <mux0331$cmp_lt0000> created at line 95.
    Found 4-bit comparator greater for signal <mux0331$cmp_lt0001> created at line 95.
    Found 4-bit comparator less for signal <mux0332$cmp_lt0000> created at line 95.
    Found 4-bit comparator greater for signal <mux0332$cmp_lt0001> created at line 95.
    Found 4-bit comparator less for signal <mux0333$cmp_lt0000> created at line 95.
    Found 4-bit comparator greater for signal <mux0333$cmp_lt0001> created at line 95.
    Found 4-bit comparator less for signal <mux0334$cmp_lt0000> created at line 95.
    Found 4-bit comparator greater for signal <mux0334$cmp_lt0001> created at line 95.
    Found 4-bit comparator less for signal <mux0335$cmp_lt0000> created at line 95.
    Found 4-bit comparator greater for signal <mux0335$cmp_lt0001> created at line 95.
    Found 4-bit comparator less for signal <mux0336$cmp_lt0000> created at line 95.
    Found 4-bit comparator greater for signal <mux0336$cmp_lt0001> created at line 95.
    Found 4-bit comparator less for signal <mux0337$cmp_lt0000> created at line 95.
    Found 4-bit comparator greater for signal <mux0337$cmp_lt0001> created at line 95.
    Found 4-bit comparator less for signal <mux0338$cmp_lt0000> created at line 95.
    Found 4-bit comparator greater for signal <mux0338$cmp_lt0001> created at line 95.
    Found 4-bit comparator less for signal <mux0339$cmp_lt0000> created at line 95.
    Found 4-bit comparator greater for signal <mux0339$cmp_lt0001> created at line 95.
    Found 4-bit comparator less for signal <mux0340$cmp_lt0000> created at line 95.
    Found 4-bit comparator greater for signal <mux0340$cmp_lt0001> created at line 95.
    Found 2-bit adder for signal <nbVoisin$addsub0001> created at line 85.
    Found 3-bit adder for signal <nbVoisin$addsub0003> created at line 85.
    Found 3-bit adder for signal <nbVoisin$addsub0004> created at line 85.
    Found 2-bit adder for signal <nbVoisin$addsub0006> created at line 85.
    Found 3-bit adder for signal <nbVoisin$addsub0007> created at line 85.
    Found 3-bit adder for signal <nbVoisin$addsub0010> created at line 85.
    Found 3-bit adder for signal <nbVoisin$addsub0012> created at line 85.
    Found 3-bit adder for signal <nbVoisin$addsub0013> created at line 85.
    Found 2-bit adder for signal <nbVoisin$addsub0014> created at line 85.
    Found 3-bit adder for signal <nbVoisin$addsub0017> created at line 85.
    Found 3-bit adder for signal <nbVoisin$addsub0018> created at line 85.
    Found 2-bit adder for signal <nbVoisin$addsub0019> created at line 85.
    Found 3-bit adder for signal <nbVoisin$addsub0020> created at line 85.
    Found 3-bit adder for signal <nbVoisin$addsub0023> created at line 85.
    Found 3-bit adder for signal <nbVoisin$addsub0024> created at line 85.
    Found 3-bit adder for signal <nbVoisin$addsub0026> created at line 85.
    Found 3-bit adder for signal <nbVoisin$addsub0029> created at line 85.
    Found 3-bit adder for signal <nbVoisin$addsub0030> created at line 85.
    Found 3-bit adder for signal <nbVoisin$addsub0032> created at line 85.
    Found 2-bit adder for signal <nbVoisin$addsub0033> created at line 85.
    Found 3-bit adder for signal <nbVoisin$addsub0035> created at line 85.
    Found 3-bit adder for signal <nbVoisin$addsub0036> created at line 85.
    Found 2-bit adder for signal <nbVoisin$addsub0038> created at line 85.
    Found 3-bit adder for signal <nbVoisin$addsub0039> created at line 85.
    Found 2-bit adder for signal <nbVoisin$addsub0041> created at line 85.
    Found 3-bit adder for signal <nbVoisin$addsub0044> created at line 85.
    Found 3-bit adder for signal <nbVoisin$addsub0047> created at line 85.
    Found 3-bit adder for signal <nbVoisin$addsub0048> created at line 85.
    Found 2-bit adder for signal <nbVoisin$addsub0050> created at line 85.
    Found 3-bit adder for signal <nbVoisin$addsub0051> created at line 85.
    Found 3-bit adder for signal <nbVoisin$addsub0052> created at line 85.
    Found 2-bit adder for signal <nbVoisin$addsub0056> created at line 85.
    Found 3-bit adder for signal <nbVoisin$addsub0057> created at line 85.
    Found 3-bit adder for signal <nbVoisin$addsub0059> created at line 85.
    Found 3-bit adder for signal <nbVoisin$addsub0060> created at line 85.
    Found 2-bit adder for signal <nbVoisin$addsub0061> created at line 85.
    Found 3-bit adder for signal <nbVoisin$addsub0062> created at line 85.
    Found 3-bit adder for signal <nbVoisin$addsub0063> created at line 85.
    Found 2-bit adder for signal <nbVoisin$addsub0065> created at line 85.
    Found 3-bit adder for signal <nbVoisin$addsub0069> created at line 85.
    Found 3-bit adder for signal <nbVoisin$addsub0071> created at line 85.
    Found 3-bit adder for signal <nbVoisin$addsub0072> created at line 85.
    Found 3-bit adder for signal <nbVoisin$addsub0073> created at line 85.
    Found 3-bit adder for signal <nbVoisin$addsub0074> created at line 85.
    Found 2-bit adder for signal <nbVoisin$addsub0080> created at line 85.
    Found 3-bit adder for signal <nbVoisin$addsub0081> created at line 85.
    Found 3-bit adder for signal <nbVoisin$addsub0083> created at line 85.
    Found 3-bit adder for signal <nbVoisin$addsub0084> created at line 85.
    Found 3-bit adder for signal <nbVoisin$addsub0085> created at line 85.
    Found 3-bit adder for signal <nbVoisin$addsub0086> created at line 85.
    Found 3-bit adder for signal <nbVoisin$addsub0089> created at line 85.
    Found 2-bit adder for signal <nbVoisin$addsub0091> created at line 85.
    Found 2-bit adder for signal <nbVoisin$addsub0092> created at line 85.
    Found 3-bit adder for signal <nbVoisin$addsub0093> created at line 85.
    Found 3-bit adder for signal <nbVoisin$addsub0095> created at line 85.
    Found 3-bit adder for signal <nbVoisin$addsub0096> created at line 85.
    Found 3-bit adder for signal <nbVoisin$addsub0097> created at line 85.
    Found 3-bit adder for signal <nbVoisin$addsub0098> created at line 85.
    Found 3-bit adder for signal <nbVoisin$addsub0101> created at line 85.
    Found 2-bit adder for signal <nbVoisin$addsub0103> created at line 85.
    Found 2-bit adder for signal <nbVoisin$addsub0104> created at line 85.
    Found 3-bit adder for signal <nbVoisin$addsub0108> created at line 85.
    Found 3-bit adder for signal <nbVoisin$addsub0110> created at line 85.
    Found 3-bit adder for signal <nbVoisin$addsub0111> created at line 85.
    Found 2-bit adder for signal <nbVoisin$addsub0112> created at line 85.
    Found 3-bit adder for signal <nbVoisin$addsub0113> created at line 85.
    Found 3-bit adder for signal <nbVoisin$addsub0115> created at line 85.
    Found 2-bit adder for signal <nbVoisin$addsub0118> created at line 85.
    Found 3-bit adder for signal <nbVoisin$addsub0119> created at line 85.
    Found 3-bit adder for signal <nbVoisin$addsub0122> created at line 85.
    Found 3-bit adder for signal <nbVoisin$addsub0123> created at line 85.
    Found 2-bit adder for signal <nbVoisin$addsub0125> created at line 85.
    Found 3-bit adder for signal <nbVoisin$addsub0126> created at line 85.
    Found 3-bit adder for signal <nbVoisin$addsub0127> created at line 85.
    Found 2-bit adder for signal <nbVoisin$addsub0128> created at line 85.
    Found 3-bit adder for signal <nbVoisin$addsub0132> created at line 85.
    Found 3-bit adder for signal <nbVoisin$addsub0134> created at line 85.
    Found 3-bit adder for signal <nbVoisin$addsub0135> created at line 85.
    Found 3-bit adder for signal <nbVoisin$addsub0136> created at line 85.
    Found 3-bit adder for signal <nbVoisin$addsub0137> created at line 85.
    Found 2-bit adder for signal <nbVoisin$addsub0140> created at line 85.
    Found 3-bit adder for signal <nbVoisin$addsub0145> created at line 85.
    Found 3-bit adder for signal <nbVoisin$addsub0146> created at line 85.
    Found 3-bit adder for signal <nbVoisin$addsub0147> created at line 85.
    Found 3-bit adder for signal <nbVoisin$addsub0148> created at line 85.
    Found 3-bit adder for signal <nbVoisin$addsub0150> created at line 85.
    Found 3-bit adder for signal <nbVoisin$addsub0152> created at line 85.
    Found 2-bit adder for signal <nbVoisin$addsub0153> created at line 85.
    Found 2-bit adder for signal <nbVoisin$addsub0155> created at line 85.
    Found 3-bit adder for signal <nbVoisin$addsub0157> created at line 85.
    Found 3-bit adder for signal <nbVoisin$addsub0158> created at line 85.
    Found 3-bit adder for signal <nbVoisin$addsub0159> created at line 85.
    Found 3-bit adder for signal <nbVoisin$addsub0160> created at line 85.
    Found 3-bit adder for signal <nbVoisin$addsub0162> created at line 85.
    Found 3-bit adder for signal <nbVoisin$addsub0164> created at line 85.
    Found 2-bit adder for signal <nbVoisin$addsub0165> created at line 85.
    Found 2-bit adder for signal <nbVoisin$addsub0167> created at line 85.
    Found 3-bit adder for signal <nbVoisin$addsub0171> created at line 85.
    Found 3-bit adder for signal <nbVoisin$addsub0172> created at line 85.
    Found 3-bit adder for signal <nbVoisin$addsub0173> created at line 85.
    Found 3-bit adder for signal <nbVoisin$addsub0175> created at line 85.
    Found 3-bit adder for signal <nbVoisin$addsub0177> created at line 85.
    Found 2-bit adder for signal <nbVoisin$addsub0178> created at line 85.
    Found 2-bit adder for signal <nbVoisin$addsub0180> created at line 85.
    Found 3-bit adder for signal <nbVoisin$addsub0184> created at line 85.
    Found 3-bit adder for signal <nbVoisin$addsub0185> created at line 85.
    Found 3-bit adder for signal <nbVoisin$addsub0187> created at line 85.
    Found 2-bit adder for signal <nbVoisin$addsub0188> created at line 85.
    Found 3-bit adder for signal <nbVoisin$addsub0189> created at line 85.
    Found 2-bit adder for signal <nbVoisin$addsub0190> created at line 85.
    Found 3-bit adder for signal <nbVoisin$addsub0193> created at line 85.
    Found 3-bit adder for signal <nbVoisin$addsub0195> created at line 85.
    Found 3-bit adder for signal <nbVoisin$addsub0197> created at line 85.
    Found 3-bit adder for signal <nbVoisin$addsub0198> created at line 85.
    Found 3-bit adder for signal <nbVoisin$addsub0200> created at line 85.
    Found 3-bit adder for signal <nbVoisin$addsub0201> created at line 85.
    Found 2-bit adder for signal <nbVoisin$addsub0205> created at line 85.
    Found 3-bit adder for signal <nbVoisin$addsub0207> created at line 85.
    Found 3-bit adder for signal <nbVoisin$addsub0208> created at line 85.
    Found 3-bit adder for signal <nbVoisin$addsub0209> created at line 85.
    Found 3-bit adder for signal <nbVoisin$addsub0212> created at line 85.
    Found 3-bit adder for signal <nbVoisin$addsub0213> created at line 85.
    Found 2-bit adder for signal <nbVoisin$addsub0214> created at line 85.
    Found 2-bit adder for signal <nbVoisin$addsub0215> created at line 85.
    Found 3-bit adder for signal <nbVoisin$addsub0217> created at line 85.
    Found 3-bit adder for signal <nbVoisin$addsub0219> created at line 85.
    Found 3-bit adder for signal <nbVoisin$addsub0220> created at line 85.
    Found 3-bit adder for signal <nbVoisin$addsub0221> created at line 85.
    Found 3-bit adder for signal <nbVoisin$addsub0224> created at line 85.
    Found 3-bit adder for signal <nbVoisin$addsub0225> created at line 85.
    Found 2-bit adder for signal <nbVoisin$addsub0226> created at line 85.
    Found 2-bit adder for signal <nbVoisin$addsub0227> created at line 85.
    Found 3-bit adder for signal <nbVoisin$addsub0229> created at line 85.
    Found 3-bit adder for signal <nbVoisin$addsub0233> created at line 85.
    Found 3-bit adder for signal <nbVoisin$addsub0234> created at line 85.
    Found 3-bit adder for signal <nbVoisin$addsub0237> created at line 85.
    Found 3-bit adder for signal <nbVoisin$addsub0238> created at line 85.
    Found 2-bit adder for signal <nbVoisin$addsub0239> created at line 85.
    Found 2-bit adder for signal <nbVoisin$addsub0240> created at line 85.
    Found 3-bit adder for signal <nbVoisin$addsub0242> created at line 85.
    Found 3-bit adder for signal <nbVoisin$addsub0246> created at line 85.
    Found 3-bit adder for signal <nbVoisin$addsub0247> created at line 85.
    Found 3-bit adder for signal <nbVoisin$addsub0250> created at line 85.
    Found 3-bit adder for signal <nbVoisin$addsub0251> created at line 85.
    Found 2-bit adder for signal <nbVoisin$addsub0252> created at line 85.
    Found 2-bit adder for signal <nbVoisin$addsub0253> created at line 85.
    Found 3-bit adder for signal <nbVoisin$addsub0255> created at line 85.
    Found 3-bit adder for signal <nbVoisin$addsub0259> created at line 85.
    Found 3-bit adder for signal <nbVoisin$addsub0260> created at line 85.
    Found 3-bit adder for signal <nbVoisin$addsub0261> created at line 85.
    Found 3-bit adder for signal <nbVoisin$addsub0262> created at line 85.
    Found 2-bit adder for signal <nbVoisin$addsub0264> created at line 85.
    Found 3-bit adder for signal <nbVoisin$addsub0267> created at line 85.
    Found 3-bit adder for signal <nbVoisin$addsub0270> created at line 85.
    Found 3-bit adder for signal <nbVoisin$addsub0271> created at line 85.
    Found 3-bit adder for signal <nbVoisin$addsub0272> created at line 85.
    Found 3-bit adder for signal <nbVoisin$addsub0274> created at line 85.
    Found 3-bit adder for signal <nbVoisin$addsub0275> created at line 85.
    Found 3-bit adder for signal <nbVoisin$addsub0277> created at line 85.
    Found 2-bit adder for signal <nbVoisin$addsub0278> created at line 85.
    Found 3-bit adder for signal <nbVoisin$addsub0281> created at line 85.
    Found 3-bit adder for signal <nbVoisin$addsub0282> created at line 85.
    Found 3-bit adder for signal <nbVoisin$addsub0283> created at line 85.
    Found 3-bit adder for signal <nbVoisin$addsub0286> created at line 85.
    Found 3-bit adder for signal <nbVoisin$addsub0287> created at line 85.
    Found 2-bit adder for signal <nbVoisin$addsub0288> created at line 85.
    Found 2-bit adder for signal <nbVoisin$addsub0289> created at line 85.
    Found 3-bit adder for signal <nbVoisin$addsub0291> created at line 85.
    Found 3-bit adder for signal <nbVoisin$addsub0295> created at line 85.
    Found 3-bit adder for signal <nbVoisin$addsub0296> created at line 85.
    Found 3-bit adder for signal <nbVoisin$addsub0299> created at line 85.
    Found 3-bit adder for signal <nbVoisin$addsub0300> created at line 85.
    Found 2-bit adder for signal <nbVoisin$addsub0301> created at line 85.
    Found 2-bit adder for signal <nbVoisin$addsub0302> created at line 85.
    Found 3-bit adder for signal <nbVoisin$addsub0304> created at line 85.
    Found 3-bit adder for signal <nbVoisin$addsub0308> created at line 85.
    Found 3-bit adder for signal <nbVoisin$addsub0309> created at line 85.
    Found 3-bit adder for signal <nbVoisin$addsub0312> created at line 85.
    Found 3-bit adder for signal <nbVoisin$addsub0313> created at line 85.
    Found 2-bit adder for signal <nbVoisin$addsub0314> created at line 85.
    Found 2-bit adder for signal <nbVoisin$addsub0315> created at line 85.
    Found 3-bit adder for signal <nbVoisin$addsub0317> created at line 85.
    Found 3-bit adder for signal <nbVoisin$addsub0321> created at line 85.
    Found 3-bit adder for signal <nbVoisin$addsub0322> created at line 85.
    Found 3-bit adder for signal <nbVoisin$addsub0323> created at line 85.
    Found 3-bit adder for signal <nbVoisin$addsub0325> created at line 85.
    Found 2-bit adder for signal <nbVoisin$addsub0326> created at line 85.
    Found 2-bit adder for signal <nbVoisin$addsub0327> created at line 85.
    Found 3-bit adder for signal <nbVoisin$addsub0329> created at line 85.
    Found 3-bit adder for signal <nbVoisin$addsub0333> created at line 85.
    Found 3-bit adder for signal <nbVoisin$addsub0334> created at line 85.
    Found 3-bit adder for signal <nbVoisin$addsub0335> created at line 85.
    Found 3-bit adder for signal <nbVoisin$addsub0337> created at line 85.
    Found 3-bit adder for signal <nbVoisin$addsub0338> created at line 85.
    Found 3-bit adder for signal <nbVoisin$addsub0339> created at line 85.
    Found 2-bit adder for signal <nbVoisin$addsub0340> created at line 85.
    Found 3-bit adder for signal <nbVoisin$addsub0344> created at line 85.
    Found 3-bit adder for signal <nbVoisin$addsub0345> created at line 85.
    Found 3-bit adder for signal <nbVoisin$addsub0346> created at line 85.
    Found 3-bit adder for signal <nbVoisin$addsub0348> created at line 85.
    Found 3-bit adder for signal <nbVoisin$addsub0349> created at line 85.
    Found 3-bit adder for signal <nbVoisin$addsub0350> created at line 85.
    Found 2-bit adder for signal <nbVoisin$addsub0351> created at line 85.
    Found 2-bit adder for signal <nbVoisin$addsub0354> created at line 85.
    Found 3-bit adder for signal <nbVoisin$addsub0357> created at line 85.
    Found 3-bit adder for signal <nbVoisin$addsub0358> created at line 85.
    Found 3-bit adder for signal <nbVoisin$addsub0361> created at line 85.
    Found 3-bit adder for signal <nbVoisin$addsub0362> created at line 85.
    Found 2-bit adder for signal <nbVoisin$addsub0363> created at line 85.
    Found 2-bit adder for signal <nbVoisin$addsub0364> created at line 85.
    Found 3-bit adder for signal <nbVoisin$addsub0366> created at line 85.
    Found 3-bit adder for signal <nbVoisin$addsub0370> created at line 85.
    Found 3-bit adder for signal <nbVoisin$addsub0371> created at line 85.
    Found 3-bit adder for signal <nbVoisin$addsub0374> created at line 85.
    Found 3-bit adder for signal <nbVoisin$addsub0375> created at line 85.
    Found 2-bit adder for signal <nbVoisin$addsub0376> created at line 85.
    Found 2-bit adder for signal <nbVoisin$addsub0377> created at line 85.
    Found 3-bit adder for signal <nbVoisin$addsub0379> created at line 85.
    Found 3-bit adder for signal <nbVoisin$addsub0383> created at line 85.
    Found 3-bit adder for signal <nbVoisin$addsub0384> created at line 85.
    Found 3-bit adder for signal <nbVoisin$addsub0385> created at line 85.
    Found 3-bit adder for signal <nbVoisin$addsub0387> created at line 85.
    Found 2-bit adder for signal <nbVoisin$addsub0388> created at line 85.
    Found 2-bit adder for signal <nbVoisin$addsub0389> created at line 85.
    Found 3-bit adder for signal <nbVoisin$addsub0391> created at line 85.
    Found 3-bit adder for signal <nbVoisin$addsub0395> created at line 85.
    Found 3-bit adder for signal <nbVoisin$addsub0396> created at line 85.
    Found 3-bit adder for signal <nbVoisin$addsub0397> created at line 85.
    Found 3-bit adder for signal <nbVoisin$addsub0398> created at line 85.
    Found 3-bit adder for signal <nbVoisin$addsub0400> created at line 85.
    Found 3-bit adder for signal <nbVoisin$addsub0401> created at line 85.
    Found 2-bit adder for signal <nbVoisin$addsub0402> created at line 85.
    Found 3-bit adder for signal <nbVoisin$addsub0407> created at line 85.
    Found 3-bit adder for signal <nbVoisin$addsub0408> created at line 85.
    Found 3-bit adder for signal <nbVoisin$addsub0409> created at line 85.
    Found 3-bit adder for signal <nbVoisin$addsub0411> created at line 85.
    Found 3-bit adder for signal <nbVoisin$addsub0413> created at line 85.
    Found 3-bit adder for signal <nbVoisin$addsub0414> created at line 85.
    Found 2-bit adder for signal <nbVoisin$addsub0415> created at line 85.
    Found 2-bit adder for signal <nbVoisin$addsub0419> created at line 85.
    Found 3-bit adder for signal <nbVoisin$addsub0420> created at line 85.
    Found 3-bit adder for signal <nbVoisin$addsub0421> created at line 85.
    Found 3-bit adder for signal <nbVoisin$addsub0423> created at line 85.
    Found 3-bit adder for signal <nbVoisin$addsub0424> created at line 85.
    Found 3-bit adder for signal <nbVoisin$addsub0425> created at line 85.
    Found 2-bit adder for signal <nbVoisin$addsub0426> created at line 85.
    Found 2-bit adder for signal <nbVoisin$addsub0429> created at line 85.
    Found 3-bit adder for signal <nbVoisin$addsub0433> created at line 85.
    Found 3-bit adder for signal <nbVoisin$addsub0436> created at line 85.
    Found 3-bit adder for signal <nbVoisin$addsub0437> created at line 85.
    Found 2-bit adder for signal <nbVoisin$addsub0438> created at line 85.
    Found 2-bit adder for signal <nbVoisin$addsub0439> created at line 85.
    Found 3-bit adder for signal <nbVoisin$addsub0441> created at line 85.
    Found 3-bit adder for signal <nbVoisin$addsub0445> created at line 85.
    Found 3-bit adder for signal <nbVoisin$addsub0446> created at line 85.
    Found 3-bit adder for signal <nbVoisin$addsub0447> created at line 85.
    Found 3-bit adder for signal <nbVoisin$addsub0449> created at line 85.
    Found 2-bit adder for signal <nbVoisin$addsub0450> created at line 85.
    Found 2-bit adder for signal <nbVoisin$addsub0451> created at line 85.
    Found 3-bit adder for signal <nbVoisin$addsub0453> created at line 85.
    Found 3-bit adder for signal <nbVoisin$addsub0457> created at line 85.
    Found 3-bit adder for signal <nbVoisin$addsub0458> created at line 85.
    Found 3-bit adder for signal <nbVoisin$addsub0459> created at line 85.
    Found 3-bit adder for signal <nbVoisin$addsub0460> created at line 85.
    Found 3-bit adder for signal <nbVoisin$addsub0462> created at line 85.
    Found 3-bit adder for signal <nbVoisin$addsub0463> created at line 85.
    Found 2-bit adder for signal <nbVoisin$addsub0464> created at line 85.
    Found 3-bit adder for signal <nbVoisin$addsub0469> created at line 85.
    Found 3-bit adder for signal <nbVoisin$addsub0470> created at line 85.
    Found 3-bit adder for signal <nbVoisin$addsub0471> created at line 85.
    Found 3-bit adder for signal <nbVoisin$addsub0473> created at line 85.
    Found 3-bit adder for signal <nbVoisin$addsub0475> created at line 85.
    Found 3-bit adder for signal <nbVoisin$addsub0476> created at line 85.
    Found 2-bit adder for signal <nbVoisin$addsub0477> created at line 85.
    Found 2-bit adder for signal <nbVoisin$addsub0481> created at line 85.
    Found 3-bit adder for signal <nbVoisin$addsub0482> created at line 85.
    Found 3-bit adder for signal <nbVoisin$addsub0483> created at line 85.
    Found 3-bit adder for signal <nbVoisin$addsub0484> created at line 85.
    Found 3-bit adder for signal <nbVoisin$addsub0486> created at line 85.
    Found 3-bit adder for signal <nbVoisin$addsub0487> created at line 85.
    Found 3-bit adder for signal <nbVoisin$addsub0488> created at line 85.
    Found 2-bit adder for signal <nbVoisin$addsub0489> created at line 85.
    Found 2-bit adder for signal <nbVoisin$addsub0491> created at line 85.
    Found 3-bit adder for signal <nbVoisin$addsub0496> created at line 85.
    Found 3-bit adder for signal <nbVoisin$addsub0498> created at line 85.
    Found 3-bit adder for signal <nbVoisin$addsub0499> created at line 85.
    Found 3-bit adder for signal <nbVoisin$addsub0500> created at line 85.
    Found 2-bit adder for signal <nbVoisin$addsub0501> created at line 85.
    Found 2-bit adder for signal <nbVoisin$addsub0504> created at line 85.
    Found 3-bit adder for signal <nbVoisin$addsub0508> created at line 85.
    Found 3-bit adder for signal <nbVoisin$addsub0509> created at line 85.
    Found 3-bit adder for signal <nbVoisin$addsub0511> created at line 85.
    Found 2-bit adder for signal <nbVoisin$addsub0512> created at line 85.
    Found 2-bit adder for signal <nbVoisin$addsub0514> created at line 85.
    Found 3-bit adder for signal <nbVoisin$addsub0515> created at line 85.
    Found 3-bit adder for signal <nbVoisin$addsub0519> created at line 85.
    Found 3-bit adder for signal <nbVoisin$addsub0520> created at line 85.
    Found 3-bit adder for signal <nbVoisin$addsub0521> created at line 85.
    Found 3-bit adder for signal <nbVoisin$addsub0523> created at line 85.
    Found 3-bit adder for signal <nbVoisin$addsub0524> created at line 85.
    Found 2-bit adder for signal <nbVoisin$addsub0525> created at line 85.
    Found 3-bit adder for signal <nbVoisin$addsub0526> created at line 85.
    Found 3-bit adder for signal <nbVoisin$addsub0531> created at line 85.
    Found 3-bit adder for signal <nbVoisin$addsub0532> created at line 85.
    Found 3-bit adder for signal <nbVoisin$addsub0533> created at line 85.
    Found 3-bit adder for signal <nbVoisin$addsub0535> created at line 85.
    Found 2-bit adder for signal <nbVoisin$addsub0537> created at line 85.
    Found 3-bit adder for signal <nbVoisin$addsub0538> created at line 85.
    Found 3-bit adder for signal <nbVoisin$addsub0539> created at line 85.
    Found 2-bit adder for signal <nbVoisin$addsub0543> created at line 85.
    Found 3-bit adder for signal <nbVoisin$addsub0544> created at line 85.
    Found 3-bit adder for signal <nbVoisin$addsub0545> created at line 85.
    Found 3-bit adder for signal <nbVoisin$addsub0546> created at line 85.
    Found 3-bit adder for signal <nbVoisin$addsub0548> created at line 85.
    Found 2-bit adder for signal <nbVoisin$addsub0550> created at line 85.
    Found 3-bit adder for signal <nbVoisin$addsub0551> created at line 85.
    Found 3-bit adder for signal <nbVoisin$addsub0552> created at line 85.
    Found 2-bit adder for signal <nbVoisin$addsub0553> created at line 85.
    Found 3-bit adder for signal <nbVoisin$addsub0557> created at line 85.
    Found 3-bit adder for signal <nbVoisin$addsub0559> created at line 85.
    Found 3-bit adder for signal <nbVoisin$addsub0561> created at line 85.
    Found 3-bit adder for signal <nbVoisin$addsub0562> created at line 85.
    Found 2-bit adder for signal <nbVoisin$addsub0563> created at line 85.
    Found 3-bit adder for signal <nbVoisin$addsub0564> created at line 85.
    Found 2-bit adder for signal <nbVoisin$addsub0566> created at line 85.
    Found 3-bit adder for signal <nbVoisin$addsub0570> created at line 85.
    Found 3-bit adder for signal <nbVoisin$addsub0572> created at line 85.
    Found 3-bit adder for signal <nbVoisin$addsub0573> created at line 85.
    Found 2-bit adder for signal <nbVoisin$addsub0575> created at line 85.
    Found 3-bit adder for signal <nbVoisin$addsub0576> created at line 85.
    Found 2-bit adder for signal <nbVoisin$addsub0577> created at line 85.
    Found 3-bit adder for signal <nbVoisin$addsub0581> created at line 85.
    Found 3-bit adder for signal <nbVoisin$addsub0582> created at line 85.
    Found 3-bit adder for signal <nbVoisin$addsub0583> created at line 85.
    Found 3-bit adder for signal <nbVoisin$addsub0584> created at line 85.
    Found 3-bit adder for signal <nbVoisin$addsub0585> created at line 85.
    Found 1-bit adder carry out for signal <nbVoisin$addsub0588> created at line 85.
    Found 2-bit adder carry out for signal <nbVoisin$addsub0589> created at line 85.
    Found 1-bit adder carry out for signal <nbVoisin$addsub0590> created at line 85.
    Found 3-bit adder carry out for signal <nbVoisin$addsub0591> created at line 85.
    Found 2-bit adder carry out for signal <nbVoisin$addsub0592> created at line 85.
    Found 1-bit adder carry out for signal <nbVoisin$addsub0593> created at line 85.
    Found 2-bit adder carry out for signal <nbVoisin$addsub0594> created at line 85.
    Found 3-bit adder carry out for signal <nbVoisin$addsub0595> created at line 85.
    Found 3-bit adder carry out for signal <nbVoisin$addsub0596> created at line 85.
    Found 2-bit adder carry out for signal <nbVoisin$addsub0597> created at line 85.
    Found 1-bit adder carry out for signal <nbVoisin$addsub0598> created at line 85.
    Found 2-bit adder carry out for signal <nbVoisin$addsub0599> created at line 85.
    Found 3-bit adder carry out for signal <nbVoisin$addsub0600> created at line 85.
    Found 1-bit adder carry out for signal <nbVoisin$addsub0601> created at line 85.
    Found 3-bit adder carry out for signal <nbVoisin$addsub0602> created at line 85.
    Found 1-bit adder carry out for signal <nbVoisin$addsub0603> created at line 85.
    Found 1-bit adder carry out for signal <nbVoisin$addsub0604> created at line 85.
    Found 2-bit adder carry out for signal <nbVoisin$addsub0605> created at line 85.
    Found 3-bit adder carry out for signal <nbVoisin$addsub0606> created at line 85.
    Found 2-bit adder carry out for signal <nbVoisin$addsub0607> created at line 85.
    Found 1-bit adder carry out for signal <nbVoisin$addsub0608> created at line 85.
    Found 1-bit adder carry out for signal <nbVoisin$addsub0609> created at line 85.
    Found 2-bit adder carry out for signal <nbVoisin$addsub0610> created at line 85.
    Found 3-bit adder carry out for signal <nbVoisin$addsub0611> created at line 85.
    Found 3-bit adder carry out for signal <nbVoisin$addsub0612> created at line 85.
    Found 2-bit adder carry out for signal <nbVoisin$addsub0613> created at line 85.
    Found 1-bit adder carry out for signal <nbVoisin$addsub0614> created at line 85.
    Found 2-bit adder carry out for signal <nbVoisin$addsub0615> created at line 85.
    Found 3-bit adder carry out for signal <nbVoisin$addsub0616> created at line 85.
    Found 3-bit adder carry out for signal <nbVoisin$addsub0617> created at line 85.
    Found 2-bit adder carry out for signal <nbVoisin$addsub0618> created at line 85.
    Found 1-bit adder carry out for signal <nbVoisin$addsub0619> created at line 85.
    Found 1-bit adder carry out for signal <nbVoisin$addsub0620> created at line 85.
    Found 2-bit adder carry out for signal <nbVoisin$addsub0621> created at line 85.
    Found 3-bit adder carry out for signal <nbVoisin$addsub0622> created at line 85.
    Found 3-bit adder carry out for signal <nbVoisin$addsub0623> created at line 85.
    Found 2-bit adder carry out for signal <nbVoisin$addsub0624> created at line 85.
    Found 1-bit adder carry out for signal <nbVoisin$addsub0625> created at line 85.
    Found 1-bit adder carry out for signal <nbVoisin$addsub0626> created at line 85.
    Found 3-bit adder carry out for signal <nbVoisin$addsub0627> created at line 85.
    Found 2-bit adder carry out for signal <nbVoisin$addsub0628> created at line 85.
    Found 1-bit adder carry out for signal <nbVoisin$addsub0629> created at line 85.
    Found 1-bit adder carry out for signal <nbVoisin$addsub0630> created at line 85.
    Found 3-bit adder carry out for signal <nbVoisin$addsub0631> created at line 85.
    Found 2-bit adder carry out for signal <nbVoisin$addsub0632> created at line 85.
    Found 2-bit adder carry out for signal <nbVoisin$addsub0633> created at line 85.
    Found 3-bit adder carry out for signal <nbVoisin$addsub0634> created at line 85.
    Found 1-bit adder carry out for signal <nbVoisin$addsub0635> created at line 85.
    Found 1-bit adder carry out for signal <nbVoisin$addsub0636> created at line 85.
    Found 2-bit adder carry out for signal <nbVoisin$addsub0637> created at line 85.
    Found 3-bit adder carry out for signal <nbVoisin$addsub0638> created at line 85.
    Found 2-bit adder carry out for signal <nbVoisin$addsub0639> created at line 85.
    Found 3-bit adder carry out for signal <nbVoisin$addsub0640> created at line 85.
    Found 1-bit adder carry out for signal <nbVoisin$addsub0641> created at line 85.
    Found 2-bit adder carry out for signal <nbVoisin$addsub0642> created at line 85.
    Found 3-bit adder carry out for signal <nbVoisin$addsub0643> created at line 85.
    Found 3-bit adder carry out for signal <nbVoisin$addsub0644> created at line 85.
    Found 2-bit adder carry out for signal <nbVoisin$addsub0645> created at line 85.
    Found 1-bit adder carry out for signal <nbVoisin$addsub0646> created at line 85.
    Found 1-bit adder carry out for signal <nbVoisin$addsub0647> created at line 85.
    Found 2-bit adder carry out for signal <nbVoisin$addsub0648> created at line 85.
    Found 3-bit adder carry out for signal <nbVoisin$addsub0649> created at line 85.
    Found 3-bit adder carry out for signal <nbVoisin$addsub0650> created at line 85.
    Found 2-bit adder carry out for signal <nbVoisin$addsub0651> created at line 85.
    Found 1-bit adder carry out for signal <nbVoisin$addsub0652> created at line 85.
    Found 1-bit adder carry out for signal <nbVoisin$addsub0653> created at line 85.
    Found 3-bit adder carry out for signal <nbVoisin$addsub0654> created at line 85.
    Found 2-bit adder carry out for signal <nbVoisin$addsub0655> created at line 85.
    Found 1-bit adder carry out for signal <nbVoisin$addsub0656> created at line 85.
    Found 1-bit adder carry out for signal <nbVoisin$addsub0657> created at line 85.
    Found 3-bit adder carry out for signal <nbVoisin$addsub0658> created at line 85.
    Found 2-bit adder carry out for signal <nbVoisin$addsub0659> created at line 85.
    Found 2-bit adder carry out for signal <nbVoisin$addsub0660> created at line 85.
    Found 3-bit adder carry out for signal <nbVoisin$addsub0661> created at line 85.
    Found 1-bit adder carry out for signal <nbVoisin$addsub0662> created at line 85.
    Found 1-bit adder carry out for signal <nbVoisin$addsub0663> created at line 85.
    Found 3-bit adder carry out for signal <nbVoisin$addsub0664> created at line 85.
    Found 2-bit adder carry out for signal <nbVoisin$addsub0665> created at line 85.
    Found 2-bit adder carry out for signal <nbVoisin$addsub0666> created at line 85.
    Found 3-bit adder carry out for signal <nbVoisin$addsub0667> created at line 85.
    Found 1-bit adder carry out for signal <nbVoisin$addsub0668> created at line 85.
    Found 3-bit adder carry out for signal <nbVoisin$addsub0669> created at line 85.
    Found 2-bit adder carry out for signal <nbVoisin$addsub0670> created at line 85.
    Found 2-bit adder carry out for signal <nbVoisin$addsub0671> created at line 85.
    Found 3-bit adder carry out for signal <nbVoisin$addsub0672> created at line 85.
    Found 1-bit adder carry out for signal <nbVoisin$addsub0673> created at line 85.
    Found 3-bit adder carry out for signal <nbVoisin$addsub0674> created at line 85.
    Found 3-bit adder carry out for signal <nbVoisin$addsub0675> created at line 85.
    Found 2-bit adder carry out for signal <nbVoisin$addsub0676> created at line 85.
    Found 2-bit adder carry out for signal <nbVoisin$addsub0677> created at line 85.
    Found 1-bit adder carry out for signal <nbVoisin$addsub0678> created at line 85.
    Found 1-bit adder carry out for signal <nbVoisin$addsub0679> created at line 85.
    Found 3-bit adder carry out for signal <nbVoisin$addsub0680> created at line 85.
    Found 2-bit adder carry out for signal <nbVoisin$addsub0681> created at line 85.
    Found 1-bit adder carry out for signal <nbVoisin$addsub0682> created at line 85.
    Found 1-bit adder carry out for signal <nbVoisin$addsub0683> created at line 85.
    Found 3-bit adder carry out for signal <nbVoisin$addsub0684> created at line 85.
    Found 3-bit adder carry out for signal <nbVoisin$addsub0685> created at line 85.
    Found 2-bit adder carry out for signal <nbVoisin$addsub0686> created at line 85.
    Found 2-bit adder carry out for signal <nbVoisin$addsub0687> created at line 85.
    Found 1-bit adder carry out for signal <nbVoisin$addsub0688> created at line 85.
    Found 1-bit adder carry out for signal <nbVoisin$addsub0689> created at line 85.
    Found 3-bit adder carry out for signal <nbVoisin$addsub0690> created at line 85.
    Found 3-bit adder carry out for signal <nbVoisin$addsub0691> created at line 85.
    Found 2-bit adder carry out for signal <nbVoisin$addsub0692> created at line 85.
    Found 2-bit adder carry out for signal <nbVoisin$addsub0693> created at line 85.
    Found 1-bit adder carry out for signal <nbVoisin$addsub0694> created at line 85.
    Found 1-bit adder carry out for signal <nbVoisin$addsub0695> created at line 85.
    Found 3-bit adder carry out for signal <nbVoisin$addsub0696> created at line 85.
    Found 3-bit adder carry out for signal <nbVoisin$addsub0697> created at line 85.
    Found 2-bit adder carry out for signal <nbVoisin$addsub0698> created at line 85.
    Found 2-bit adder carry out for signal <nbVoisin$addsub0699> created at line 85.
    Found 1-bit adder carry out for signal <nbVoisin$addsub0700> created at line 85.
    Found 3-bit adder carry out for signal <nbVoisin$addsub0701> created at line 85.
    Found 2-bit adder carry out for signal <nbVoisin$addsub0702> created at line 85.
    Found 3-bit adder carry out for signal <nbVoisin$addsub0703> created at line 85.
    Found 2-bit adder carry out for signal <nbVoisin$addsub0704> created at line 85.
    Found 1-bit adder carry out for signal <nbVoisin$addsub0705> created at line 85.
    Found 1-bit adder carry out for signal <nbVoisin$addsub0706> created at line 85.
    Found 3-bit adder carry out for signal <nbVoisin$addsub0707> created at line 85.
    Found 2-bit adder carry out for signal <nbVoisin$addsub0708> created at line 85.
    Found 1-bit adder carry out for signal <nbVoisin$addsub0709> created at line 85.
    Found 1-bit adder carry out for signal <nbVoisin$addsub0710> created at line 85.
    Found 3-bit adder carry out for signal <nbVoisin$addsub0711> created at line 85.
    Found 3-bit adder carry out for signal <nbVoisin$addsub0712> created at line 85.
    Found 2-bit adder carry out for signal <nbVoisin$addsub0713> created at line 85.
    Found 2-bit adder carry out for signal <nbVoisin$addsub0714> created at line 85.
    Found 1-bit adder carry out for signal <nbVoisin$addsub0715> created at line 85.
    Found 1-bit adder carry out for signal <nbVoisin$addsub0716> created at line 85.
    Found 3-bit adder carry out for signal <nbVoisin$addsub0717> created at line 85.
    Found 3-bit adder carry out for signal <nbVoisin$addsub0718> created at line 85.
    Found 2-bit adder carry out for signal <nbVoisin$addsub0719> created at line 85.
    Found 2-bit adder carry out for signal <nbVoisin$addsub0720> created at line 85.
    Found 1-bit adder carry out for signal <nbVoisin$addsub0721> created at line 85.
    Found 1-bit adder carry out for signal <nbVoisin$addsub0722> created at line 85.
    Found 3-bit adder carry out for signal <nbVoisin$addsub0723> created at line 85.
    Found 3-bit adder carry out for signal <nbVoisin$addsub0724> created at line 85.
    Found 2-bit adder carry out for signal <nbVoisin$addsub0725> created at line 85.
    Found 2-bit adder carry out for signal <nbVoisin$addsub0726> created at line 85.
    Found 1-bit adder carry out for signal <nbVoisin$addsub0727> created at line 85.
    Found 3-bit adder carry out for signal <nbVoisin$addsub0728> created at line 85.
    Found 3-bit adder carry out for signal <nbVoisin$addsub0729> created at line 85.
    Found 2-bit adder carry out for signal <nbVoisin$addsub0730> created at line 85.
    Found 2-bit adder carry out for signal <nbVoisin$addsub0731> created at line 85.
    Found 1-bit adder carry out for signal <nbVoisin$addsub0732> created at line 85.
    Found 1-bit adder carry out for signal <nbVoisin$addsub0733> created at line 85.
    Found 3-bit adder carry out for signal <nbVoisin$addsub0734> created at line 85.
    Found 2-bit adder carry out for signal <nbVoisin$addsub0735> created at line 85.
    Found 1-bit adder carry out for signal <nbVoisin$addsub0736> created at line 85.
    Found 3-bit adder carry out for signal <nbVoisin$addsub0737> created at line 85.
    Found 1-bit adder carry out for signal <nbVoisin$addsub0738> created at line 85.
    Found 3-bit adder carry out for signal <nbVoisin$addsub0739> created at line 85.
    Found 2-bit adder carry out for signal <nbVoisin$addsub0740> created at line 85.
    Found 1-bit adder carry out for signal <nbVoisin$addsub0741> created at line 85.
    Found 1-bit adder carry out for signal <nbVoisin$addsub0742> created at line 85.
    Found 3-bit adder carry out for signal <nbVoisin$addsub0743> created at line 85.
    Found 3-bit adder carry out for signal <nbVoisin$addsub0744> created at line 85.
    Found 2-bit adder carry out for signal <nbVoisin$addsub0745> created at line 85.
    Found 2-bit adder carry out for signal <nbVoisin$addsub0746> created at line 85.
    Found 1-bit adder carry out for signal <nbVoisin$addsub0747> created at line 85.
    Found 1-bit adder carry out for signal <nbVoisin$addsub0748> created at line 85.
    Found 3-bit adder carry out for signal <nbVoisin$addsub0749> created at line 85.
    Found 3-bit adder carry out for signal <nbVoisin$addsub0750> created at line 85.
    Found 2-bit adder carry out for signal <nbVoisin$addsub0751> created at line 85.
    Found 2-bit adder carry out for signal <nbVoisin$addsub0752> created at line 85.
    Found 1-bit adder carry out for signal <nbVoisin$addsub0753> created at line 85.
    Found 3-bit adder carry out for signal <nbVoisin$addsub0754> created at line 85.
    Found 3-bit adder carry out for signal <nbVoisin$addsub0755> created at line 85.
    Found 2-bit adder carry out for signal <nbVoisin$addsub0756> created at line 85.
    Found 2-bit adder carry out for signal <nbVoisin$addsub0757> created at line 85.
    Found 1-bit adder carry out for signal <nbVoisin$addsub0758> created at line 85.
    Found 1-bit adder carry out for signal <nbVoisin$addsub0759> created at line 85.
    Found 3-bit adder carry out for signal <nbVoisin$addsub0760> created at line 85.
    Found 2-bit adder carry out for signal <nbVoisin$addsub0761> created at line 85.
    Found 2-bit adder carry out for signal <nbVoisin$addsub0762> created at line 85.
    Found 1-bit adder carry out for signal <nbVoisin$addsub0763> created at line 85.
    Found 1-bit adder carry out for signal <nbVoisin$addsub0764> created at line 85.
    Found 3-bit adder carry out for signal <nbVoisin$addsub0765> created at line 85.
    Found 3-bit adder carry out for signal <nbVoisin$addsub0766> created at line 85.
    Found 2-bit adder carry out for signal <nbVoisin$addsub0767> created at line 85.
    Found 1-bit adder carry out for signal <nbVoisin$addsub0768> created at line 85.
    Found 3-bit adder carry out for signal <nbVoisin$addsub0769> created at line 85.
    Found 1-bit adder carry out for signal <nbVoisin$addsub0770> created at line 85.
    Found 3-bit adder carry out for signal <nbVoisin$addsub0771> created at line 85.
    Found 2-bit adder carry out for signal <nbVoisin$addsub0772> created at line 85.
    Found 2-bit adder carry out for signal <nbVoisin$addsub0773> created at line 85.
    Found 1-bit adder carry out for signal <nbVoisin$addsub0774> created at line 85.
    Found 1-bit adder carry out for signal <nbVoisin$addsub0775> created at line 85.
    Found 3-bit adder carry out for signal <nbVoisin$addsub0776> created at line 85.
    Found 3-bit adder carry out for signal <nbVoisin$addsub0777> created at line 85.
    Found 2-bit adder carry out for signal <nbVoisin$addsub0778> created at line 85.
    Found 2-bit adder carry out for signal <nbVoisin$addsub0779> created at line 85.
    Found 1-bit adder carry out for signal <nbVoisin$addsub0780> created at line 85.
    Found 3-bit adder carry out for signal <nbVoisin$addsub0781> created at line 85.
    Found 3-bit adder carry out for signal <nbVoisin$addsub0782> created at line 85.
    Found 2-bit adder carry out for signal <nbVoisin$addsub0783> created at line 85.
    Found 2-bit adder carry out for signal <nbVoisin$addsub0784> created at line 85.
    Found 1-bit adder carry out for signal <nbVoisin$addsub0785> created at line 85.
    Found 1-bit adder carry out for signal <nbVoisin$addsub0786> created at line 85.
    Found 3-bit adder carry out for signal <nbVoisin$addsub0787> created at line 85.
    Found 2-bit adder carry out for signal <nbVoisin$addsub0788> created at line 85.
    Found 2-bit adder carry out for signal <nbVoisin$addsub0789> created at line 85.
    Found 1-bit adder carry out for signal <nbVoisin$addsub0790> created at line 85.
    Found 1-bit adder carry out for signal <nbVoisin$addsub0791> created at line 85.
    Found 3-bit adder carry out for signal <nbVoisin$addsub0792> created at line 85.
    Found 3-bit adder carry out for signal <nbVoisin$addsub0793> created at line 85.
    Found 2-bit adder carry out for signal <nbVoisin$addsub0794> created at line 85.
    Found 1-bit adder carry out for signal <nbVoisin$addsub0795> created at line 85.
    Found 1-bit adder carry out for signal <nbVoisin$addsub0796> created at line 85.
    Found 3-bit adder carry out for signal <nbVoisin$addsub0797> created at line 85.
    Found 3-bit adder carry out for signal <nbVoisin$addsub0798> created at line 85.
    Found 2-bit adder carry out for signal <nbVoisin$addsub0799> created at line 85.
    Found 2-bit adder carry out for signal <nbVoisin$addsub0800> created at line 85.
    Found 1-bit adder carry out for signal <nbVoisin$addsub0801> created at line 85.
    Found 3-bit adder carry out for signal <nbVoisin$addsub0802> created at line 85.
    Found 1-bit adder carry out for signal <nbVoisin$addsub0803> created at line 85.
    Found 3-bit adder carry out for signal <nbVoisin$addsub0804> created at line 85.
    Found 2-bit adder carry out for signal <nbVoisin$addsub0805> created at line 85.
    Found 2-bit adder carry out for signal <nbVoisin$addsub0806> created at line 85.
    Found 1-bit adder carry out for signal <nbVoisin$addsub0807> created at line 85.
    Found 3-bit adder carry out for signal <nbVoisin$addsub0808> created at line 85.
    Found 3-bit adder carry out for signal <nbVoisin$addsub0809> created at line 85.
    Found 2-bit adder carry out for signal <nbVoisin$addsub0810> created at line 85.
    Found 2-bit adder carry out for signal <nbVoisin$addsub0811> created at line 85.
    Found 1-bit adder carry out for signal <nbVoisin$addsub0812> created at line 85.
    Found 1-bit adder carry out for signal <nbVoisin$addsub0813> created at line 85.
    Found 3-bit adder carry out for signal <nbVoisin$addsub0814> created at line 85.
    Found 2-bit adder carry out for signal <nbVoisin$addsub0815> created at line 85.
    Found 2-bit adder carry out for signal <nbVoisin$addsub0816> created at line 85.
    Found 1-bit adder carry out for signal <nbVoisin$addsub0817> created at line 85.
    Found 1-bit adder carry out for signal <nbVoisin$addsub0818> created at line 85.
    Found 3-bit adder carry out for signal <nbVoisin$addsub0819> created at line 85.
    Found 2-bit adder carry out for signal <nbVoisin$addsub0820> created at line 85.
    Found 3-bit adder carry out for signal <nbVoisin$addsub0821> created at line 85.
    Found 1-bit adder carry out for signal <nbVoisin$addsub0822> created at line 85.
    Found 1-bit adder carry out for signal <nbVoisin$addsub0823> created at line 85.
    Found 2-bit adder carry out for signal <nbVoisin$addsub0824> created at line 85.
    Found 3-bit adder carry out for signal <nbVoisin$addsub0825> created at line 85.
    Found 3-bit adder carry out for signal <nbVoisin$addsub0826> created at line 85.
    Found 2-bit adder carry out for signal <nbVoisin$addsub0827> created at line 85.
    Found 1-bit adder carry out for signal <nbVoisin$addsub0828> created at line 85.
    Found 1-bit adder carry out for signal <nbVoisin$addsub0829> created at line 85.
    Found 2-bit adder carry out for signal <nbVoisin$addsub0830> created at line 85.
    Found 3-bit adder carry out for signal <nbVoisin$addsub0831> created at line 85.
    Found 3-bit adder carry out for signal <nbVoisin$addsub0832> created at line 85.
    Found 2-bit adder carry out for signal <nbVoisin$addsub0833> created at line 85.
    Found 1-bit adder carry out for signal <nbVoisin$addsub0834> created at line 85.
    Found 2-bit adder carry out for signal <nbVoisin$addsub0835> created at line 85.
    Found 3-bit adder carry out for signal <nbVoisin$addsub0836> created at line 85.
    Found 2-bit adder carry out for signal <nbVoisin$addsub0837> created at line 85.
    Found 1-bit adder carry out for signal <nbVoisin$addsub0838> created at line 85.
    Found 3-bit adder carry out for signal <nbVoisin$addsub0839> created at line 85.
    Found 16-bit 8-to-1 multiplexer for signal <sig$varindex0000> created at line 105.
    Summary:
	inferred 128 D-type flip-flop(s).
	inferred 588 Adder/Subtractor(s).
	inferred 168 Comparator(s).
	inferred  17 Multiplexer(s).
Unit <grid> synthesized.


Synthesizing Unit <valInc>.
    Related source file is "C:/Users/FONTEILLE/Desktop/ISE/Project1.2/valInc.vhd".
    Found 32-bit up counter for signal <val>.
    Found 32-bit comparator greatequal for signal <cpthsup50M$cmp_ge0000> created at line 48.
    Found 32-bit register for signal <valNext>.
    Found 32-bit adder for signal <valNextNext$addsub0000> created at line 50.
    Summary:
	inferred   1 Counter(s).
	inferred  32 D-type flip-flop(s).
	inferred   1 Adder/Subtractor(s).
	inferred   1 Comparator(s).
Unit <valInc> synthesized.


Synthesizing Unit <controlVGA>.
    Related source file is "C:/Users/FONTEILLE/Desktop/ISE/Project1.2/controlVGA.vhd".
    Found 1-bit register for signal <beamValid>.
    Found 10-bit register for signal <beamX>.
    Found 10-bit register for signal <beamY>.
    Found 1-bit register for signal <bOut>.
    Found 1-bit register for signal <gOut>.
    Found 1-bit register for signal <rOut>.
    Found 10-bit subtractor for signal <beamX$sub0000> created at line 126.
    Found 10-bit subtractor for signal <beamY$sub0000> created at line 127.
    Found 1-bit register for signal <ckdiv2>.
    Found 10-bit register for signal <cpth>.
    Found 10-bit adder for signal <cpthmux$addsub0000> created at line 92.
    Found 10-bit comparator greatequal for signal <cpthsup138$cmp_ge0000> created at line 99.
    Found 10-bit comparator greatequal for signal <cpthsup778$cmp_ge0000> created at line 100.
    Found 10-bit comparator greatequal for signal <cpthsup794$cmp_ge0000> created at line 101.
    Found 10-bit comparator greatequal for signal <cpthsup95$cmp_ge0000> created at line 98.
    Found 10-bit up counter for signal <cptv>.
    Found 10-bit comparator greatequal for signal <cptvsup2$cmp_ge0000> created at line 113.
    Found 10-bit comparator greatequal for signal <cptvsup36$cmp_ge0000> created at line 114.
    Found 10-bit comparator greatequal for signal <cptvsup516$cmp_ge0000> created at line 115.
    Found 10-bit comparator greatequal for signal <cptvsup525$cmp_ge0000> created at line 116.
    Summary:
	inferred   1 Counter(s).
	inferred  35 D-type flip-flop(s).
	inferred   3 Adder/Subtractor(s).
	inferred   8 Comparator(s).
Unit <controlVGA> synthesized.


Synthesizing Unit <clkDiv>.
    Related source file is "C:/Users/FONTEILLE/Desktop/ISE/Project1.2/clkDiv.vhd".
    Found 1-bit register for signal <clkd>.
    Found 32-bit comparator greater for signal <overflow$cmp_gt0000> created at line 54.
    Found 32-bit register for signal <val>.
    Found 32-bit adder for signal <valMux$addsub0000> created at line 51.
    Summary:
	inferred  33 D-type flip-flop(s).
	inferred   1 Adder/Subtractor(s).
	inferred   1 Comparator(s).
Unit <clkDiv> synthesized.


Synthesizing Unit <rectangle>.
    Related source file is "C:/Users/FONTEILLE/Desktop/ISE/Project1.2/rectangle.vhd".
    Found 10-bit comparator greater for signal <sig$cmp_gt0000> created at line 55.
    Found 10-bit comparator greater for signal <sig$cmp_gt0001> created at line 55.
    Found 10-bit comparator less for signal <sig$cmp_lt0000> created at line 55.
    Found 10-bit comparator less for signal <sig$cmp_lt0001> created at line 55.
    Summary:
	inferred   4 Comparator(s).
Unit <rectangle> synthesized.


Synthesizing Unit <clkSub>.
    Related source file is "C:/Users/FONTEILLE/Desktop/ISE/Project1.2/clkSub.vhd".
    Found 1-bit register for signal <clks>.
    Found 26-bit comparator equal for signal <flag$cmp_eq0000> created at line 51.
    Found 26-bit register for signal <val>.
    Found 26-bit adder for signal <valMux$addsub0000> created at line 53.
    Summary:
	inferred  27 D-type flip-flop(s).
	inferred   1 Adder/Subtractor(s).
	inferred   1 Comparator(s).
Unit <clkSub> synthesized.


Synthesizing Unit <valsplit>.
    Related source file is "C:/Users/FONTEILLE/Desktop/ISE/Project1.2/valsplit.vhd".
Unit <valsplit> synthesized.


Synthesizing Unit <posXadd>.
    Related source file is "C:/Users/FONTEILLE/Desktop/ISE/Project1.2/posXadd.vhd".
    Found 10-bit adder for signal <posX2>.
    Found 10-bit adder for signal <posX3>.
    Found 10-bit adder for signal <posX4>.
    Found 10-bit adder for signal <posX5>.
    Found 10-bit adder for signal <posX6>.
    Found 10-bit adder for signal <posX7>.
    Found 10-bit adder for signal <posX8>.
    Summary:
	inferred   7 Adder/Subtractor(s).
Unit <posXadd> synthesized.


Synthesizing Unit <digit>.
    Related source file is "C:/Users/FONTEILLE/Desktop/ISE/Project1.2/digit.vhd".
    Found 8x128-bit ROM for signal <romSig$rom0000>.
    Found 11-bit subtractor for signal <newPosX>.
    Found 11-bit subtractor for signal <newPosY>.
    Found 1-bit 8-to-1 multiplexer for signal <romSig$mux0000> created at line 221.
    Found 1-bit 8-to-1 multiplexer for signal <romSig$mux0001> created at line 221.
    Found 1-bit 8-to-1 multiplexer for signal <romSig$mux0002> created at line 221.
    Found 1-bit 8-to-1 multiplexer for signal <romSig$mux0003> created at line 221.
    Found 1-bit 8-to-1 multiplexer for signal <romSig$mux0004> created at line 221.
    Found 1-bit 8-to-1 multiplexer for signal <romSig$mux0005> created at line 221.
    Found 1-bit 8-to-1 multiplexer for signal <romSig$mux0006> created at line 221.
    Found 1-bit 8-to-1 multiplexer for signal <romSig$mux0007> created at line 221.
    Found 1-bit 8-to-1 multiplexer for signal <romSig$mux0008> created at line 221.
    Found 1-bit 8-to-1 multiplexer for signal <romSig$mux0009> created at line 221.
    Found 1-bit 8-to-1 multiplexer for signal <romSig$mux0010> created at line 221.
    Found 1-bit 8-to-1 multiplexer for signal <romSig$mux0011> created at line 221.
    Found 1-bit 8-to-1 multiplexer for signal <romSig$mux0012> created at line 221.
    Found 1-bit 8-to-1 multiplexer for signal <romSig$mux0013> created at line 221.
    Found 1-bit 8-to-1 multiplexer for signal <romSig$mux0014> created at line 221.
    Found 1-bit 8-to-1 multiplexer for signal <romSig$mux0015> created at line 221.
    Found 11-bit comparator greatequal for signal <sigValid$cmp_ge0000> created at line 220.
    Found 11-bit comparator greatequal for signal <sigValid$cmp_ge0001> created at line 220.
    Found 11-bit comparator less for signal <sigValid$cmp_lt0000> created at line 220.
    Found 11-bit comparator less for signal <sigValid$cmp_lt0001> created at line 220.
    Summary:
	inferred   1 ROM(s).
	inferred   2 Adder/Subtractor(s).
	inferred   4 Comparator(s).
	inferred  16 Multiplexer(s).
Unit <digit> synthesized.


Synthesizing Unit <shapes>.
    Related source file is "C:/Users/FONTEILLE/Desktop/ISE/Project1.2/shapes.vhd".
    Found 10-bit adder for signal <maxX1>.
    Found 10-bit adder for signal <maxY1>.
    Summary:
	inferred   2 Adder/Subtractor(s).
Unit <shapes> synthesized.


Synthesizing Unit <Hex32>.
    Related source file is "C:/Users/FONTEILLE/Desktop/ISE/Project1.2/Hex32.vhd".
Unit <Hex32> synthesized.


Synthesizing Unit <mover>.
    Related source file is "C:/Users/FONTEILLE/Desktop/ISE/Project1.2/mover.vhd".
    Found 10-bit register for signal <pos>.
    Found 10-bit adder for signal <$add0000> created at line 73.
    Found 10-bit subtractor for signal <$sub0000> created at line 73.
    Found 10-bit comparator equal for signal <max$cmp_eq0000> created at line 83.
    Found 10-bit comparator equal for signal <min$cmp_eq0000> created at line 84.
    Found 1-bit register for signal <sens>.
    Summary:
	inferred  11 D-type flip-flop(s).
	inferred   2 Adder/Subtractor(s).
	inferred   2 Comparator(s).
Unit <mover> synthesized.


Synthesizing Unit <move>.
    Related source file is "C:/Users/FONTEILLE/Desktop/ISE/Project1.2/move.vhd".
Unit <move> synthesized.


Synthesizing Unit <TOP>.
    Related source file is "C:/Users/FONTEILLE/Desktop/ISE/Project1.2/TOP.vhd".
    Found 1-bit register for signal <refreshLife>.
    Summary:
	inferred   1 D-type flip-flop(s).
Unit <TOP> synthesized.


=========================================================================
HDL Synthesis Report

Macro Statistics
# ROMs                                                 : 8
 8x128-bit ROM                                         : 8
# Adders/Subtractors                                   : 630
 1-bit adder carry out                                 : 84
 10-bit adder                                          : 14
 10-bit subtractor                                     : 6
 11-bit subtractor                                     : 16
 2-bit adder                                           : 84
 2-bit adder carry out                                 : 84
 26-bit adder                                          : 4
 3-bit adder                                           : 252
 3-bit adder carry out                                 : 84
 32-bit adder                                          : 2
# Counters                                             : 2
 10-bit up counter                                     : 1
 32-bit up counter                                     : 1
# Registers                                            : 192
 1-bit register                                        : 183
 10-bit register                                       : 3
 26-bit register                                       : 4
 32-bit register                                       : 2
# Comparators                                          : 226
 10-bit comparator equal                               : 8
 10-bit comparator greatequal                          : 8
 10-bit comparator greater                             : 2
 10-bit comparator less                                : 2
 11-bit comparator greatequal                          : 16
 11-bit comparator less                                : 16
 26-bit comparator equal                               : 4
 32-bit comparator greatequal                          : 1
 32-bit comparator greater                             : 1
 4-bit comparator greater                              : 84
 4-bit comparator less                                 : 84
# Multiplexers                                         : 130
 1-bit 16-to-1 multiplexer                             : 1
 1-bit 8-to-1 multiplexer                              : 128
 16-bit 8-to-1 multiplexer                             : 1

=========================================================================

=========================================================================
*                       Advanced HDL Synthesis                          *
=========================================================================


=========================================================================
Advanced HDL Synthesis Report

Macro Statistics
# ROMs                                                 : 8
 8x128-bit ROM                                         : 8
# Adders/Subtractors                                   : 630
 1-bit adder carry out                                 : 84
 10-bit adder                                          : 14
 10-bit subtractor                                     : 6
 11-bit subtractor                                     : 16
 2-bit adder                                           : 84
 2-bit adder carry out                                 : 84
 26-bit adder                                          : 4
 3-bit adder                                           : 252
 3-bit adder carry out                                 : 84
 32-bit adder                                          : 2
# Counters                                             : 2
 10-bit up counter                                     : 1
 32-bit up counter                                     : 1
# Registers                                            : 381
 Flip-Flops                                            : 381
# Comparators                                          : 226
 10-bit comparator equal                               : 8
 10-bit comparator greatequal                          : 8
 10-bit comparator greater                             : 2
 10-bit comparator less                                : 2
 11-bit comparator greatequal                          : 16
 11-bit comparator less                                : 16
 26-bit comparator equal                               : 4
 32-bit comparator greatequal                          : 1
 32-bit comparator greater                             : 1
 4-bit comparator greater                              : 84
 4-bit comparator less                                 : 84
# Multiplexers                                         : 130
 1-bit 16-to-1 multiplexer                             : 1
 1-bit 8-to-1 multiplexer                              : 128
 16-bit 8-to-1 multiplexer                             : 1

=========================================================================

=========================================================================
*                         Low Level Synthesis                           *
=========================================================================

Optimizing unit <TOP> ...

Optimizing unit <grid> ...

Optimizing unit <valInc> ...

Optimizing unit <controlVGA> ...

Optimizing unit <clkDiv> ...

Optimizing unit <clkSub> ...

Optimizing unit <digit> ...

Optimizing unit <Hex32> ...

Optimizing unit <mover> ...

Mapping all equations...
Building and optimizing final netlist ...
INFO:Xst:2261 - The FF/Latch <CONTROLVGA1/rOut> in Unit <TOP> is equivalent to the following FF/Latch, which will be removed : <CONTROLVGA1/bOut> 
Found area constraint ratio of 100 (+ 5) on block TOP, actual ratio is 43.

Final Macro Processing ...

=========================================================================
Final Register Report

Macro Statistics
# Registers                                            : 422
 Flip-Flops                                            : 422

=========================================================================

=========================================================================
*                           Partition Report                            *
=========================================================================

Partition Implementation Status
-------------------------------

  No Partitions were found in this design.

-------------------------------

=========================================================================
*                            Final Report                               *
=========================================================================
Final Results
RTL Top Level Output File Name     : TOP.ngr
Top Level Output File Name         : TOP
Output Format                      : NGC
Optimization Goal                  : Speed
Keep Hierarchy                     : No

Design Statistics
# IOs                              : 16

Cell Usage :
# BELS                             : 4656
#      GND                         : 1
#      INV                         : 102
#      LUT1                        : 312
#      LUT2                        : 490
#      LUT2_D                      : 5
#      LUT2_L                      : 23
#      LUT3                        : 747
#      LUT3_D                      : 30
#      LUT3_L                      : 23
#      LUT4                        : 1246
#      LUT4_D                      : 48
#      LUT4_L                      : 78
#      MUXCY                       : 725
#      MUXF5                       : 256
#      MUXF6                       : 16
#      MUXF7                       : 8
#      MUXF8                       : 4
#      VCC                         : 1
#      XORCY                       : 541
# FlipFlops/Latches                : 422
#      FD                          : 19
#      FDC                         : 184
#      FDCE                        : 43
#      FDCP                        : 40
#      FDE                         : 128
#      FDP                         : 4
#      FDR                         : 2
#      FDRS                        : 2
# Clock Buffers                    : 3
#      BUFG                        : 1
#      BUFGP                       : 2
# IO Buffers                       : 14
#      IBUF                        : 8
#      OBUF                        : 6
=========================================================================

Device utilization summary:
---------------------------

Selected Device : 3s500efg320-4 

 Number of Slices:                     1635  out of   4656    35%  
 Number of Slice Flip Flops:            422  out of   9312     4%  
 Number of 4 input LUTs:               3104  out of   9312    33%  
 Number of IOs:                          16
 Number of bonded IOBs:                  16  out of    232     6%  
 Number of GCLKs:                         3  out of     24    12%  

---------------------------
Partition Resource Summary:
---------------------------

  No Partitions were found in this design.

---------------------------


=========================================================================
TIMING REPORT

NOTE: THESE TIMING NUMBERS ARE ONLY A SYNTHESIS ESTIMATE.
      FOR ACCURATE TIMING INFORMATION PLEASE REFER TO THE TRACE REPORT
      GENERATED AFTER PLACE-and-ROUTE.

Clock Information:
------------------
-----------------------------------+------------------------+-------+
Clock Signal                       | Clock buffer(FF name)  | Load  |
-----------------------------------+------------------------+-------+
lifeStepButton                     | BUFGP                  | 1     |
clk50                              | BUFGP                  | 401   |
CONTROLVGA1/ckdiv21                | BUFG                   | 20    |
-----------------------------------+------------------------+-------+

Asynchronous Control Signals Information:
----------------------------------------
-----------------------------------+------------------------+-------+
Control Signal                     | Buffer(FF name)        | Load  |
-----------------------------------+------------------------+-------+
reset                              | IBUF                   | 271   |
MOVE1/MOVX/pos_0_and0001(XST_GND:G)| NONE(MOVE1/MOVX/pos_0) | 40    |
-----------------------------------+------------------------+-------+

Timing Summary:
---------------
Speed Grade: -4

   Minimum period: 14.016ns (Maximum Frequency: 71.347MHz)
   Minimum input arrival time before clock: 7.363ns
   Maximum output required time after clock: 9.281ns
   Maximum combinational path delay: No path found

Timing Detail:
--------------
All values displayed in nanoseconds (ns)

=========================================================================
Timing constraint: Default period analysis for Clock 'clk50'
  Clock period: 14.016ns (frequency: 71.347MHz)
  Total number of paths / destination ports: 39732 / 499
-------------------------------------------------------------------------
Delay:               14.016ns (Levels of Logic = 12)
  Source:            MOVE1/MOVX/pos_1 (FF)
  Destination:       CONTROLVGA1/gOut (FF)
  Source Clock:      clk50 rising
  Destination Clock: clk50 rising

  Data Path: MOVE1/MOVX/pos_1 to CONTROLVGA1/gOut
                                Gate     Net
    Cell:in->out      fanout   Delay   Delay  Logical Name (Net Name)
    ----------------------------------------  ------------
     FDCP:C->Q            13   0.591   0.983  MOVE1/MOVX/pos_1 (MOVE1/MOVX/pos_1)
     INV:I->O              1   0.704   0.000  HEX321/PXA1/Madd_posX2_lut<1>_INV_0 (HEX321/PXA1/Madd_posX2_lut<1>)
     XORCY:LI->O           1   0.527   0.499  HEX321/PXA1/Madd_posX2_xor<1> (HEX321/posX2Wire<1>)
     LUT2:I1->O            1   0.704   0.000  HEX321/D2/Msub_newPosX_lut<1> (HEX321/D2/Msub_newPosX_lut<1>)
     XORCY:LI->O          18   0.527   1.068  HEX321/D2/Msub_newPosX_xor<1> (HEX321/D2/newPosX<1>)
     MUXF5:S->O            1   0.739   0.455  HEX321/D2/Mmux_romSig_mux0004_5_f5 (HEX321/D2/Mmux_romSig_mux0004_5_f5)
     LUT4:I2->O            1   0.704   0.424  HEX321/D2/romSig_or0000643 (HEX321/D2/romSig_or0000643)
     LUT4:I3->O            1   0.704   0.000  HEX321/D2/romSig_or0000713_F (N211)
     MUXF5:I0->O           1   0.321   0.499  HEX321/D2/romSig_or0000713 (HEX321/D2/romSig_or0000713)
     LUT3:I1->O            1   0.704   0.424  HEX321/D2/romSig_or0000790_SW0 (N391)
     LUT4:I3->O            1   0.704   0.424  HEX321/D2/romSig_or0000790 (HEX321/D2/romSig)
     LUT4_D:I3->O          1   0.704   0.595  redWire5 (blueWire5)
     LUT3:I0->O            1   0.704   0.000  greenWire241 (greenWire24)
     FDRS:D                    0.308          CONTROLVGA1/gOut
    ----------------------------------------
    Total                     14.016ns (8.645ns logic, 5.371ns route)
                                       (61.7% logic, 38.3% route)

=========================================================================
Timing constraint: Default period analysis for Clock 'CONTROLVGA1/ckdiv21'
  Clock period: 8.263ns (frequency: 121.021MHz)
  Total number of paths / destination ports: 940 / 30
-------------------------------------------------------------------------
Delay:               8.263ns (Levels of Logic = 14)
  Source:            CONTROLVGA1/cptv_2 (FF)
  Destination:       CONTROLVGA1/cptv_9 (FF)
  Source Clock:      CONTROLVGA1/ckdiv21 rising
  Destination Clock: CONTROLVGA1/ckdiv21 rising

  Data Path: CONTROLVGA1/cptv_2 to CONTROLVGA1/cptv_9
                                Gate     Net
    Cell:in->out      fanout   Delay   Delay  Logical Name (Net Name)
    ----------------------------------------  ------------
     FDCE:C->Q            10   0.591   0.917  CONTROLVGA1/cptv_2 (CONTROLVGA1/cptv_2)
     LUT4:I2->O            1   0.704   0.424  CONTROLVGA1/cptvsup52528 (CONTROLVGA1/cptvsup52528)
     LUT4:I3->O            3   0.704   0.535  CONTROLVGA1/cptvsup525224_SW0 (N439)
     LUT4:I3->O            8   0.704   0.932  CONTROLVGA1/cptvsup525224 (CONTROLVGA1/cptvsup525)
     LUT3:I0->O            1   0.704   0.000  CONTROLVGA1/Mcount_cptv_lut<0> (CONTROLVGA1/Mcount_cptv_lut<0>)
     MUXCY:S->O            1   0.464   0.000  CONTROLVGA1/Mcount_cptv_cy<0> (CONTROLVGA1/Mcount_cptv_cy<0>)
     MUXCY:CI->O           1   0.059   0.000  CONTROLVGA1/Mcount_cptv_cy<1> (CONTROLVGA1/Mcount_cptv_cy<1>)
     MUXCY:CI->O           1   0.059   0.000  CONTROLVGA1/Mcount_cptv_cy<2> (CONTROLVGA1/Mcount_cptv_cy<2>)
     MUXCY:CI->O           1   0.059   0.000  CONTROLVGA1/Mcount_cptv_cy<3> (CONTROLVGA1/Mcount_cptv_cy<3>)
     MUXCY:CI->O           1   0.059   0.000  CONTROLVGA1/Mcount_cptv_cy<4> (CONTROLVGA1/Mcount_cptv_cy<4>)
     MUXCY:CI->O           1   0.059   0.000  CONTROLVGA1/Mcount_cptv_cy<5> (CONTROLVGA1/Mcount_cptv_cy<5>)
     MUXCY:CI->O           1   0.059   0.000  CONTROLVGA1/Mcount_cptv_cy<6> (CONTROLVGA1/Mcount_cptv_cy<6>)
     MUXCY:CI->O           1   0.059   0.000  CONTROLVGA1/Mcount_cptv_cy<7> (CONTROLVGA1/Mcount_cptv_cy<7>)
     MUXCY:CI->O           0   0.059   0.000  CONTROLVGA1/Mcount_cptv_cy<8> (CONTROLVGA1/Mcount_cptv_cy<8>)
     XORCY:CI->O           1   0.804   0.000  CONTROLVGA1/Mcount_cptv_xor<9> (CONTROLVGA1/Mcount_cptv9)
     FDCE:D                    0.308          CONTROLVGA1/cptv_9
    ----------------------------------------
    Total                      8.263ns (5.455ns logic, 2.808ns route)
                                       (66.0% logic, 34.0% route)

=========================================================================
Timing constraint: Default OFFSET IN BEFORE for Clock 'clk50'
  Total number of paths / destination ports: 911 / 298
-------------------------------------------------------------------------
Offset:              7.363ns (Levels of Logic = 4)
  Source:            lunchLife (PAD)
  Destination:       GRID1/grid1<7>_8 (FF)
  Destination Clock: clk50 rising

  Data Path: lunchLife to GRID1/grid1<7>_8
                                Gate     Net
    Cell:in->out      fanout   Delay   Delay  Logical Name (Net Name)
    ----------------------------------------  ------------
     IBUF:I->O           213   1.218   1.398  lunchLife_IBUF (lunchLife_IBUF)
     LUT2:I1->O            2   0.704   0.622  GRID1/grid1<7>_0_not00001_SW0 (N0)
     LUT4:I0->O           16   0.704   1.038  GRID1/grid1<7>_0_not00001 (GRID1/N168)
     LUT4:I3->O            1   0.704   0.420  GRID1/grid1<7>_9_not00001 (GRID1/grid1<7>_9_not0000)
     FDE:CE                    0.555          GRID1/grid1<7>_9
    ----------------------------------------
    Total                      7.363ns (3.885ns logic, 3.478ns route)
                                       (52.8% logic, 47.2% route)

=========================================================================
Timing constraint: Default OFFSET OUT AFTER for Clock 'CONTROLVGA1/ckdiv21'
  Total number of paths / destination ports: 43 / 3
-------------------------------------------------------------------------
Offset:              9.281ns (Levels of Logic = 5)
  Source:            CONTROLVGA1/cpth_3 (FF)
  Destination:       blank (PAD)
  Source Clock:      CONTROLVGA1/ckdiv21 rising

  Data Path: CONTROLVGA1/cpth_3 to blank
                                Gate     Net
    Cell:in->out      fanout   Delay   Delay  Logical Name (Net Name)
    ----------------------------------------  ------------
     FDC:C->Q              5   0.591   0.808  CONTROLVGA1/cpth_3 (CONTROLVGA1/cpth_3)
     LUT3:I0->O            1   0.704   0.424  CONTROLVGA1/cpthsup13811_SW0 (N8)
     LUT4:I3->O            1   0.704   0.424  CONTROLVGA1/cpthsup13811 (CONTROLVGA1/N6)
     LUT4:I3->O            2   0.704   0.526  CONTROLVGA1/blank_or0000101 (CONTROLVGA1/blank_or0000101)
     LUT2:I1->O            1   0.704   0.420  CONTROLVGA1/blank1 (blank_OBUF)
     OBUF:I->O                 3.272          blank_OBUF (blank)
    ----------------------------------------
    Total                      9.281ns (6.679ns logic, 2.602ns route)
                                       (72.0% logic, 28.0% route)

=========================================================================
Timing constraint: Default OFFSET OUT AFTER for Clock 'clk50'
  Total number of paths / destination ports: 3 / 3
-------------------------------------------------------------------------
Offset:              4.310ns (Levels of Logic = 1)
  Source:            CONTROLVGA1/rOut (FF)
  Destination:       blue (PAD)
  Source Clock:      clk50 rising

  Data Path: CONTROLVGA1/rOut to blue
                                Gate     Net
    Cell:in->out      fanout   Delay   Delay  Logical Name (Net Name)
    ----------------------------------------  ------------
     FDRS:C->Q             2   0.591   0.447  CONTROLVGA1/rOut (CONTROLVGA1/rOut)
     OBUF:I->O                 3.272          blue_OBUF (blue)
    ----------------------------------------
    Total                      4.310ns (3.863ns logic, 0.447ns route)
                                       (89.6% logic, 10.4% route)

=========================================================================


Total REAL time to Xst completion: 139.00 secs
Total CPU time to Xst completion: 138.92 secs
 
--> 

Total memory usage is 351404 kilobytes

Number of errors   :    0 (   0 filtered)
Number of warnings :    6 (   0 filtered)
Number of infos    :    1 (   0 filtered)

