AR clkdiv behavioral C:/Users/FONTEILLE/Desktop/ISE/Project1.2/clkDiv.vhd sub00/vhpl11 1521037543
EN rectangle NULL C:/Users/FONTEILLE/Desktop/ISE/Project1.2/rectangle.vhd sub00/vhpl12 1521037544
EN controlvga NULL C:/Users/FONTEILLE/Desktop/ISE/Project1.2/controlVGA.vhd sub00/vhpl24 1521037556
AR posxadd behavioral C:/Users/FONTEILLE/Desktop/ISE/Project1.2/posXadd.vhd sub00/vhpl05 1521037537
AR mover behavioral C:/Users/FONTEILLE/Desktop/ISE/Project1.2/mover.vhd sub00/vhpl09 1521037541
AR controlvga rtl C:/Users/FONTEILLE/Desktop/ISE/Project1.2/controlVGA.vhd sub00/vhpl25 1521037557
EN clkdiv NULL C:/Users/FONTEILLE/Desktop/ISE/Project1.2/clkDiv.vhd sub00/vhpl10 1521037542
EN hex32 NULL C:/Users/FONTEILLE/Desktop/ISE/Project1.2/Hex32.vhd sub00/vhpl22 1521037554
AR valinc behavioral C:/Users/FONTEILLE/Desktop/ISE/Project1.2/valInc.vhd sub00/vhpl21 1521037553
EN mover NULL C:/Users/FONTEILLE/Desktop/ISE/Project1.2/mover.vhd sub00/vhpl08 1521037540
EN shapes NULL C:/Users/FONTEILLE/Desktop/ISE/Project1.2/shapes.vhd sub00/vhpl16 1521037548
AR valsplit behavioral C:/Users/FONTEILLE/Desktop/ISE/Project1.2/valsplit.vhd sub00/vhpl03 1521037535
EN posxadd NULL C:/Users/FONTEILLE/Desktop/ISE/Project1.2/posXadd.vhd sub00/vhpl04 1521037536
EN clksub NULL C:/Users/FONTEILLE/Desktop/ISE/Project1.2/clkSub.vhd sub00/vhpl00 1521037532
AR move behavioral C:/Users/FONTEILLE/Desktop/ISE/Project1.2/move.vhd sub00/vhpl19 1521037551
EN top NULL C:/Users/FONTEILLE/Desktop/ISE/Project1.2/TOP.vhd sub00/vhpl26 1521037558
EN valsplit NULL C:/Users/FONTEILLE/Desktop/ISE/Project1.2/valsplit.vhd sub00/vhpl02 1521037534
EN digit NULL C:/Users/FONTEILLE/Desktop/ISE/Project1.2/digit.vhd sub00/vhpl06 1521037538
EN move NULL C:/Users/FONTEILLE/Desktop/ISE/Project1.2/move.vhd sub00/vhpl18 1521037550
AR clksub behavioral C:/Users/FONTEILLE/Desktop/ISE/Project1.2/clkSub.vhd sub00/vhpl01 1521037533
AR shapes behavioral C:/Users/FONTEILLE/Desktop/ISE/Project1.2/shapes.vhd sub00/vhpl17 1521037549
EN valinc NULL C:/Users/FONTEILLE/Desktop/ISE/Project1.2/valInc.vhd sub00/vhpl20 1521037552
EN grid NULL C:/Users/FONTEILLE/Desktop/ISE/Project1.2/grid.vhd sub00/vhpl14 1521037546
AR digit behavioral C:/Users/FONTEILLE/Desktop/ISE/Project1.2/digit.vhd sub00/vhpl07 1521037539
AR grid behavioral C:/Users/FONTEILLE/Desktop/ISE/Project1.2/grid.vhd sub00/vhpl15 1521037547
AR top behavioral C:/Users/FONTEILLE/Desktop/ISE/Project1.2/TOP.vhd sub00/vhpl27 1521037559
AR hex32 behavioral C:/Users/FONTEILLE/Desktop/ISE/Project1.2/Hex32.vhd sub00/vhpl23 1521037555
AR rectangle behavioral C:/Users/FONTEILLE/Desktop/ISE/Project1.2/rectangle.vhd sub00/vhpl13 1521037545
