AR clkdiv behavioral C:/Users/FONTEILLE/Desktop/ISE/Project1.2/clkDiv.vhd sub00/vhpl11 1518976007
EN rectangle NULL C:/Users/FONTEILLE/Desktop/ISE/Project1.2/rectangle.vhd sub00/vhpl12 1518976008
EN controlvga NULL C:/Users/FONTEILLE/Desktop/ISE/Project1.2/controlVGA.vhd sub00/vhpl24 1518976020
AR posxadd behavioral C:/Users/FONTEILLE/Desktop/ISE/Project1.2/posXadd.vhd sub00/vhpl05 1518976001
AR mover behavioral C:/Users/FONTEILLE/Desktop/ISE/Project1.2/mover.vhd sub00/vhpl09 1518976005
AR controlvga rtl C:/Users/FONTEILLE/Desktop/ISE/Project1.2/controlVGA.vhd sub00/vhpl25 1518976021
EN clkdiv NULL C:/Users/FONTEILLE/Desktop/ISE/Project1.2/clkDiv.vhd sub00/vhpl10 1518976006
EN hex32 NULL C:/Users/FONTEILLE/Desktop/ISE/Project1.2/Hex32.vhd sub00/vhpl22 1518976018
AR valinc behavioral C:/Users/FONTEILLE/Desktop/ISE/Project1.2/valInc.vhd sub00/vhpl21 1518976017
EN mover NULL C:/Users/FONTEILLE/Desktop/ISE/Project1.2/mover.vhd sub00/vhpl08 1518976004
EN shapes NULL C:/Users/FONTEILLE/Desktop/ISE/Project1.2/shapes.vhd sub00/vhpl16 1518976012
AR valsplit behavioral C:/Users/FONTEILLE/Desktop/ISE/Project1.2/valsplit.vhd sub00/vhpl03 1518975999
EN posxadd NULL C:/Users/FONTEILLE/Desktop/ISE/Project1.2/posXadd.vhd sub00/vhpl04 1518976000
EN clksub NULL C:/Users/FONTEILLE/Desktop/ISE/Project1.2/clkSub.vhd sub00/vhpl00 1518975996
AR move behavioral C:/Users/FONTEILLE/Desktop/ISE/Project1.2/move.vhd sub00/vhpl19 1518976015
EN top NULL C:/Users/FONTEILLE/Desktop/ISE/Project1.2/TOP.vhd sub00/vhpl26 1518976022
EN valsplit NULL C:/Users/FONTEILLE/Desktop/ISE/Project1.2/valsplit.vhd sub00/vhpl02 1518975998
EN digit NULL C:/Users/FONTEILLE/Desktop/ISE/Project1.2/digit.vhd sub00/vhpl06 1518976002
EN move NULL C:/Users/FONTEILLE/Desktop/ISE/Project1.2/move.vhd sub00/vhpl18 1518976014
AR clksub behavioral C:/Users/FONTEILLE/Desktop/ISE/Project1.2/clkSub.vhd sub00/vhpl01 1518975997
AR shapes behavioral C:/Users/FONTEILLE/Desktop/ISE/Project1.2/shapes.vhd sub00/vhpl17 1518976013
EN valinc NULL C:/Users/FONTEILLE/Desktop/ISE/Project1.2/valInc.vhd sub00/vhpl20 1518976016
EN grid NULL C:/Users/FONTEILLE/Desktop/ISE/Project1.2/grid.vhd sub00/vhpl14 1518976010
AR digit behavioral C:/Users/FONTEILLE/Desktop/ISE/Project1.2/digit.vhd sub00/vhpl07 1518976003
AR grid behavioral C:/Users/FONTEILLE/Desktop/ISE/Project1.2/grid.vhd sub00/vhpl15 1518976011
AR top behavioral C:/Users/FONTEILLE/Desktop/ISE/Project1.2/TOP.vhd sub00/vhpl27 1518976023
AR hex32 behavioral C:/Users/FONTEILLE/Desktop/ISE/Project1.2/Hex32.vhd sub00/vhpl23 1518976019
AR rectangle behavioral C:/Users/FONTEILLE/Desktop/ISE/Project1.2/rectangle.vhd sub00/vhpl13 1518976009
