AR clkdiv behavioral C:/Users/FONTEILLE/Desktop/ISE/Project1.2/clkDiv.vhd sub00/vhpl11 1522059470
EN rectangle NULL C:/Users/FONTEILLE/Desktop/ISE/Project1.2/rectangle.vhd sub00/vhpl12 1522059471
EN validate NULL C:/Users/FONTEILLE/Desktop/ISE/Project1.2/VALIDATE.vhd sub00/vhpl30 1522059475
EN controlvga NULL C:/Users/FONTEILLE/Desktop/ISE/Project1.2/controlVGA.vhd sub00/vhpl24 1522059487
AR posxadd behavioral C:/Users/FONTEILLE/Desktop/ISE/Project1.2/posXadd.vhd sub00/vhpl05 1522059464
AR mover behavioral C:/Users/FONTEILLE/Desktop/ISE/Project1.2/mover.vhd sub00/vhpl09 1522059468
AR controlvga rtl C:/Users/FONTEILLE/Desktop/ISE/Project1.2/controlVGA.vhd sub00/vhpl25 1522059488
EN clkdiv NULL C:/Users/FONTEILLE/Desktop/ISE/Project1.2/clkDiv.vhd sub00/vhpl10 1522059469
EN hex32 NULL C:/Users/FONTEILLE/Desktop/ISE/Project1.2/Hex32.vhd sub00/vhpl22 1522059485
AR valinc behavioral C:/Users/FONTEILLE/Desktop/ISE/Project1.2/valInc.vhd sub00/vhpl21 1522059484
EN mover NULL C:/Users/FONTEILLE/Desktop/ISE/Project1.2/mover.vhd sub00/vhpl08 1522059467
EN shapes NULL C:/Users/FONTEILLE/Desktop/ISE/Project1.2/shapes.vhd sub00/vhpl16 1522059479
AR cellcount behavioral C:/Users/FONTEILLE/Desktop/ISE/Project1.2/CellCount.vhd sub00/vhpl29 1522059474
AR valsplit behavioral C:/Users/FONTEILLE/Desktop/ISE/Project1.2/valsplit.vhd sub00/vhpl03 1522059462
EN posxadd NULL C:/Users/FONTEILLE/Desktop/ISE/Project1.2/posXadd.vhd sub00/vhpl04 1522059463
EN clksub NULL C:/Users/FONTEILLE/Desktop/ISE/Project1.2/clkSub.vhd sub00/vhpl00 1522059459
AR move behavioral C:/Users/FONTEILLE/Desktop/ISE/Project1.2/move.vhd sub00/vhpl19 1522059482
EN top NULL C:/Users/FONTEILLE/Desktop/ISE/Project1.2/TOP.vhd sub00/vhpl26 1522059489
EN valsplit NULL C:/Users/FONTEILLE/Desktop/ISE/Project1.2/valsplit.vhd sub00/vhpl02 1522059461
EN digit NULL C:/Users/FONTEILLE/Desktop/ISE/Project1.2/digit.vhd sub00/vhpl06 1522059465
EN move NULL C:/Users/FONTEILLE/Desktop/ISE/Project1.2/move.vhd sub00/vhpl18 1522059481
AR clksub behavioral C:/Users/FONTEILLE/Desktop/ISE/Project1.2/clkSub.vhd sub00/vhpl01 1522059460
AR shapes behavioral C:/Users/FONTEILLE/Desktop/ISE/Project1.2/shapes.vhd sub00/vhpl17 1522059480
EN valinc NULL C:/Users/FONTEILLE/Desktop/ISE/Project1.2/valInc.vhd sub00/vhpl20 1522059483
EN grid NULL C:/Users/FONTEILLE/Desktop/ISE/Project1.2/grid.vhd sub00/vhpl14 1522059477
EN cellcount NULL C:/Users/FONTEILLE/Desktop/ISE/Project1.2/CellCount.vhd sub00/vhpl28 1522059473
AR digit behavioral C:/Users/FONTEILLE/Desktop/ISE/Project1.2/digit.vhd sub00/vhpl07 1522059466
AR validate behavioral C:/Users/FONTEILLE/Desktop/ISE/Project1.2/VALIDATE.vhd sub00/vhpl31 1522059476
AR grid behavioral C:/Users/FONTEILLE/Desktop/ISE/Project1.2/grid.vhd sub00/vhpl15 1522059478
AR top behavioral C:/Users/FONTEILLE/Desktop/ISE/Project1.2/TOP.vhd sub00/vhpl27 1522059490
AR hex32 behavioral C:/Users/FONTEILLE/Desktop/ISE/Project1.2/Hex32.vhd sub00/vhpl23 1522059486
AR rectangle behavioral C:/Users/FONTEILLE/Desktop/ISE/Project1.2/rectangle.vhd sub00/vhpl13 1522059472
